running egg_info
creating ../../build/scan_filter/scan_filter.egg-info
writing ../../build/scan_filter/scan_filter.egg-info/PKG-INFO
writing dependency_links to ../../build/scan_filter/scan_filter.egg-info/dependency_links.txt
writing entry points to ../../build/scan_filter/scan_filter.egg-info/entry_points.txt
writing requirements to ../../build/scan_filter/scan_filter.egg-info/requires.txt
writing top-level names to ../../build/scan_filter/scan_filter.egg-info/top_level.txt
writing manifest file '../../build/scan_filter/scan_filter.egg-info/SOURCES.txt'
reading manifest file '../../build/scan_filter/scan_filter.egg-info/SOURCES.txt'
writing manifest file '../../build/scan_filter/scan_filter.egg-info/SOURCES.txt'
running build
running build_py
creating /work/ros2_ws/build/scan_filter/build
creating /work/ros2_ws/build/scan_filter/build/lib
creating /work/ros2_ws/build/scan_filter/build/lib/scan_filter
copying scan_filter/scan_filter_node.py -> /work/ros2_ws/build/scan_filter/build/lib/scan_filter
copying scan_filter/__init__.py -> /work/ros2_ws/build/scan_filter/build/lib/scan_filter
running install
running install_lib
creating /work/ros2_ws/install/scan_filter/lib/python3.10/site-packages/scan_filter
copying /work/ros2_ws/build/scan_filter/build/lib/scan_filter/scan_filter_node.py -> /work/ros2_ws/install/scan_filter/lib/python3.10/site-packages/scan_filter
copying /work/ros2_ws/build/scan_filter/build/lib/scan_filter/__init__.py -> /work/ros2_ws/install/scan_filter/lib/python3.10/site-packages/scan_filter
byte-compiling /work/ros2_ws/install/scan_filter/lib/python3.10/site-packages/scan_filter/scan_filter_node.py to scan_filter_node.cpython-310.pyc
byte-compiling /work/ros2_ws/install/scan_filter/lib/python3.10/site-packages/scan_filter/__init__.py to __init__.cpython-310.pyc
running install_data
creating /work/ros2_ws/install/scan_filter/share/ament_index
creating /work/ros2_ws/install/scan_filter/share/ament_index/resource_index
creating /work/ros2_ws/install/scan_filter/share/ament_index/resource_index/packages
copying resource/scan_filter -> /work/ros2_ws/install/scan_filter/share/ament_index/resource_index/packages
copying package.xml -> /work/ros2_ws/install/scan_filter/share/scan_filter
running install_egg_info
Copying ../../build/scan_filter/scan_filter.egg-info to /work/ros2_ws/install/scan_filter/lib/python3.10/site-packages/scan_filter-0.0.0-py3.10.egg-info
running install_scripts
Installing scan_filter_node script to /work/ros2_ws/install/scan_filter/lib/scan_filter
writing list of installed files to '/work/ros2_ws/build/scan_filter/install.log'
