[6.546s] Invoking command in '/work/ros2_ws/src/scan_filter': PYTHONPATH=/work/ros2_ws/build/scan_filter/prefix_override:/usr/lib/python3/dist-packages/colcon_core/task/python/colcon_distutils_commands:/work/ros2_ws/install/scan_filter/lib/python3.10/site-packages:${PYTHONPATH} /usr/bin/python3 -W ignore:setup.py install is deprecated -W ignore:easy_install command is deprecated setup.py egg_info --egg-base ../../build/scan_filter build --build-base /work/ros2_ws/build/scan_filter/build install --record /work/ros2_ws/build/scan_filter/install.log --single-version-externally-managed install_data
[8.472s] running egg_info
[8.478s] creating ../../build/scan_filter/scan_filter.egg-info
[8.484s] writing ../../build/scan_filter/scan_filter.egg-info/PKG-INFO
[8.499s] writing dependency_links to ../../build/scan_filter/scan_filter.egg-info/dependency_links.txt
[8.519s] writing entry points to ../../build/scan_filter/scan_filter.egg-info/entry_points.txt
[8.529s] writing requirements to ../../build/scan_filter/scan_filter.egg-info/requires.txt
[8.538s] writing top-level names to ../../build/scan_filter/scan_filter.egg-info/top_level.txt
[8.549s] writing manifest file '../../build/scan_filter/scan_filter.egg-info/SOURCES.txt'
[8.635s] reading manifest file '../../build/scan_filter/scan_filter.egg-info/SOURCES.txt'
[8.766s] writing manifest file '../../build/scan_filter/scan_filter.egg-info/SOURCES.txt'
[8.771s] running build
[8.773s] running build_py
[8.785s] creating /work/ros2_ws/build/scan_filter/build
[8.788s] creating /work/ros2_ws/build/scan_filter/build/lib
[8.792s] creating /work/ros2_ws/build/scan_filter/build/lib/scan_filter
[8.817s] copying scan_filter/scan_filter_node.py -> /work/ros2_ws/build/scan_filter/build/lib/scan_filter
[8.877s] copying scan_filter/__init__.py -> /work/ros2_ws/build/scan_filter/build/lib/scan_filter
[8.899s] running install
[8.900s] running install_lib
[8.952s] creating /work/ros2_ws/install/scan_filter/lib/python3.10/site-packages/scan_filter
[8.990s] copying /work/ros2_ws/build/scan_filter/build/lib/scan_filter/scan_filter_node.py -> /work/ros2_ws/install/scan_filter/lib/python3.10/site-packages/scan_filter
[9.062s] copying /work/ros2_ws/build/scan_filter/build/lib/scan_filter/__init__.py -> /work/ros2_ws/install/scan_filter/lib/python3.10/site-packages/scan_filter
[9.140s] byte-compiling /work/ros2_ws/install/scan_filter/lib/python3.10/site-packages/scan_filter/scan_filter_node.py to scan_filter_node.cpython-310.pyc
[9.220s] byte-compiling /work/ros2_ws/install/scan_filter/lib/python3.10/site-packages/scan_filter/__init__.py to __init__.cpython-310.pyc
[9.292s] running install_data
[9.304s] creating /work/ros2_ws/install/scan_filter/share/ament_index
[9.314s] creating /work/ros2_ws/install/scan_filter/share/ament_index/resource_index
[9.319s] creating /work/ros2_ws/install/scan_filter/share/ament_index/resource_index/packages
[9.346s] copying resource/scan_filter -> /work/ros2_ws/install/scan_filter/share/ament_index/resource_index/packages
[9.390s] copying package.xml -> /work/ros2_ws/install/scan_filter/share/scan_filter
[9.411s] running install_egg_info
[9.451s] Copying ../../build/scan_filter/scan_filter.egg-info to /work/ros2_ws/install/scan_filter/lib/python3.10/site-packages/scan_filter-0.0.0-py3.10.egg-info
[10.025s] running install_scripts
[10.233s] Installing scan_filter_node script to /work/ros2_ws/install/scan_filter/lib/scan_filter
[10.258s] writing list of installed files to '/work/ros2_ws/build/scan_filter/install.log'
[10.360s] Invoked command in '/work/ros2_ws/src/scan_filter' returned '0': PYTHONPATH=/work/ros2_ws/build/scan_filter/prefix_override:/usr/lib/python3/dist-packages/colcon_core/task/python/colcon_distutils_commands:/work/ros2_ws/install/scan_filter/lib/python3.10/site-packages:${PYTHONPATH} /usr/bin/python3 -W ignore:setup.py install is deprecated -W ignore:easy_install command is deprecated setup.py egg_info --egg-base ../../build/scan_filter build --build-base /work/ros2_ws/build/scan_filter/build install --record /work/ros2_ws/build/scan_filter/install.log --single-version-externally-managed install_data
