-- Install configuration: ""
-- Up-to-date: /work/ros2_ws/install/simple_robot_description/share/simple_robot_description/urdf
-- Installing: /work/ros2_ws/install/simple_robot_description/share/simple_robot_description/urdf/robot.urdf
-- Up-to-date: /work/ros2_ws/install/simple_robot_description/share/simple_robot_description/launch
-- Up-to-date: /work/ros2_ws/install/simple_robot_description/share/simple_robot_description/launch/display.launch.py
-- Up-to-date: /work/ros2_ws/install/simple_robot_description/share/simple_robot_description/launch/gazebo.launch.py
-- Up-to-date: /work/ros2_ws/install/simple_robot_description/share/simple_robot_description/rviz
-- Up-to-date: /work/ros2_ws/install/simple_robot_description/share/simple_robot_description/rviz/robot.rviz
-- Up-to-date: /work/ros2_ws/install/simple_robot_description/share/simple_robot_description/config
-- Up-to-date: /work/ros2_ws/install/simple_robot_description/share/simple_robot_description/worlds
-- Up-to-date: /work/ros2_ws/install/simple_robot_description/share/simple_robot_description/worlds/simple_world.world
-- Up-to-date: /work/ros2_ws/install/simple_robot_description/share/simple_robot_description/models
-- Up-to-date: /work/ros2_ws/install/simple_robot_description/share/ament_index/resource_index/package_run_dependencies/simple_robot_description
-- Up-to-date: /work/ros2_ws/install/simple_robot_description/share/ament_index/resource_index/parent_prefix_path/simple_robot_description
-- Up-to-date: /work/ros2_ws/install/simple_robot_description/share/simple_robot_description/environment/ament_prefix_path.sh
-- Up-to-date: /work/ros2_ws/install/simple_robot_description/share/simple_robot_description/environment/ament_prefix_path.dsv
-- Up-to-date: /work/ros2_ws/install/simple_robot_description/share/simple_robot_description/environment/path.sh
-- Up-to-date: /work/ros2_ws/install/simple_robot_description/share/simple_robot_description/environment/path.dsv
-- Up-to-date: /work/ros2_ws/install/simple_robot_description/share/simple_robot_description/local_setup.bash
-- Up-to-date: /work/ros2_ws/install/simple_robot_description/share/simple_robot_description/local_setup.sh
-- Up-to-date: /work/ros2_ws/install/simple_robot_description/share/simple_robot_description/local_setup.zsh
-- Up-to-date: /work/ros2_ws/install/simple_robot_description/share/simple_robot_description/local_setup.dsv
-- Installing: /work/ros2_ws/install/simple_robot_description/share/simple_robot_description/package.dsv
-- Up-to-date: /work/ros2_ws/install/simple_robot_description/share/ament_index/resource_index/packages/simple_robot_description
-- Up-to-date: /work/ros2_ws/install/simple_robot_description/share/simple_robot_description/cmake/simple_robot_descriptionConfig.cmake
-- Up-to-date: /work/ros2_ws/install/simple_robot_description/share/simple_robot_description/cmake/simple_robot_descriptionConfig-version.cmake
-- Up-to-date: /work/ros2_ws/install/simple_robot_description/share/simple_robot_description/package.xml
