[4.307s] Invoking command in '/work/ros2_ws/src/wall_follower': PYTHONPATH=/work/ros2_ws/build/wall_follower/prefix_override:/usr/lib/python3/dist-packages/colcon_core/task/python/colcon_distutils_commands:/work/ros2_ws/install/wall_follower/lib/python3.10/site-packages:${PYTHONPATH} /usr/bin/python3 -W ignore:setup.py install is deprecated -W ignore:easy_install command is deprecated setup.py egg_info --egg-base ../../build/wall_follower build --build-base /work/ros2_ws/build/wall_follower/build install --record /work/ros2_ws/build/wall_follower/install.log --single-version-externally-managed install_data
[5.974s] running egg_info
[5.984s] writing ../../build/wall_follower/wall_follower.egg-info/PKG-INFO
[5.995s] writing dependency_links to ../../build/wall_follower/wall_follower.egg-info/dependency_links.txt
[6.009s] writing entry points to ../../build/wall_follower/wall_follower.egg-info/entry_points.txt
[6.022s] writing requirements to ../../build/wall_follower/wall_follower.egg-info/requires.txt
[6.029s] writing top-level names to ../../build/wall_follower/wall_follower.egg-info/top_level.txt
[6.120s] reading manifest file '../../build/wall_follower/wall_follower.egg-info/SOURCES.txt'
[6.281s] writing manifest file '../../build/wall_follower/wall_follower.egg-info/SOURCES.txt'
[6.291s] running build
[6.292s] running build_py
[6.338s] copying wall_follower/wall_follower_node.py -> /work/ros2_ws/build/wall_follower/build/lib/wall_follower
[6.437s] running install
[6.439s] running install_lib
[6.548s] copying /work/ros2_ws/build/wall_follower/build/lib/wall_follower/wall_follower_node.py -> /work/ros2_ws/install/wall_follower/lib/python3.10/site-packages/wall_follower
[6.695s] byte-compiling /work/ros2_ws/install/wall_follower/lib/python3.10/site-packages/wall_follower/wall_follower_node.py to wall_follower_node.cpython-310.pyc
[6.812s] running install_data
[6.875s] running install_egg_info
[6.897s] removing '/work/ros2_ws/install/wall_follower/lib/python3.10/site-packages/wall_follower-0.0.0-py3.10.egg-info' (and everything under it)
[7.040s] Copying ../../build/wall_follower/wall_follower.egg-info to /work/ros2_ws/install/wall_follower/lib/python3.10/site-packages/wall_follower-0.0.0-py3.10.egg-info
[7.608s] running install_scripts
[7.752s] Installing wall_follower_node script to /work/ros2_ws/install/wall_follower/lib/wall_follower
[7.782s] writing list of installed files to '/work/ros2_ws/build/wall_follower/install.log'
[7.833s] Invoked command in '/work/ros2_ws/src/wall_follower' returned '0': PYTHONPATH=/work/ros2_ws/build/wall_follower/prefix_override:/usr/lib/python3/dist-packages/colcon_core/task/python/colcon_distutils_commands:/work/ros2_ws/install/wall_follower/lib/python3.10/site-packages:${PYTHONPATH} /usr/bin/python3 -W ignore:setup.py install is deprecated -W ignore:easy_install command is deprecated setup.py egg_info --egg-base ../../build/wall_follower build --build-base /work/ros2_ws/build/wall_follower/build install --record /work/ros2_ws/build/wall_follower/install.log --single-version-externally-managed install_data
