[1.790s] Invoking command in '/work/ros2_ws/build/simple_robot_description': CMAKE_PREFIX_PATH=${CMAKE_PREFIX_PATH}:/work/ros2_ws/install/wall_follower:/opt/ros/humble /usr/bin/cmake --build /work/ros2_ws/build/simple_robot_description -- -j20 -l20
[3.186s] Invoked command in '/work/ros2_ws/build/simple_robot_description' returned '0': CMAKE_PREFIX_PATH=${CMAKE_PREFIX_PATH}:/work/ros2_ws/install/wall_follower:/opt/ros/humble /usr/bin/cmake --build /work/ros2_ws/build/simple_robot_description -- -j20 -l20
[3.263s] Invoking command in '/work/ros2_ws/build/simple_robot_description': CMAKE_PREFIX_PATH=${CMAKE_PREFIX_PATH}:/work/ros2_ws/install/wall_follower:/opt/ros/humble /usr/bin/cmake --install /work/ros2_ws/build/simple_robot_description
[3.293s] -- Install configuration: ""
[3.315s] -- Up-to-date: /work/ros2_ws/install/simple_robot_description/share/simple_robot_description/urdf
[3.370s] -- Up-to-date: /work/ros2_ws/install/simple_robot_description/share/simple_robot_description/urdf/robot.urdf
[3.408s] -- Up-to-date: /work/ros2_ws/install/simple_robot_description/share/simple_robot_description/launch
[3.463s] -- Up-to-date: /work/ros2_ws/install/simple_robot_description/share/simple_robot_description/launch/display.launch.py
[3.514s] -- Up-to-date: /work/ros2_ws/install/simple_robot_description/share/simple_robot_description/launch/gazebo.launch.py
[3.543s] -- Up-to-date: /work/ros2_ws/install/simple_robot_description/share/simple_robot_description/rviz
[3.606s] -- Installing: /work/ros2_ws/install/simple_robot_description/share/simple_robot_description/rviz/robot.rviz
[3.763s] -- Up-to-date: /work/ros2_ws/install/simple_robot_description/share/simple_robot_description/config
[3.801s] -- Up-to-date: /work/ros2_ws/install/simple_robot_description/share/simple_robot_description/worlds
[3.868s] -- Up-to-date: /work/ros2_ws/install/simple_robot_description/share/simple_robot_description/worlds/simple_world.world
[3.897s] -- Up-to-date: /work/ros2_ws/install/simple_robot_description/share/simple_robot_description/models
[3.994s] -- Up-to-date: /work/ros2_ws/install/simple_robot_description/share/ament_index/resource_index/package_run_dependencies/simple_robot_description
[4.069s] -- Up-to-date: /work/ros2_ws/install/simple_robot_description/share/ament_index/resource_index/parent_prefix_path/simple_robot_description
[4.118s] -- Up-to-date: /work/ros2_ws/install/simple_robot_description/share/simple_robot_description/environment/ament_prefix_path.sh
[4.163s] -- Up-to-date: /work/ros2_ws/install/simple_robot_description/share/simple_robot_description/environment/ament_prefix_path.dsv
[4.196s] -- Up-to-date: /work/ros2_ws/install/simple_robot_description/share/simple_robot_description/environment/path.sh
[4.240s] -- Up-to-date: /work/ros2_ws/install/simple_robot_description/share/simple_robot_description/environment/path.dsv
[4.286s] -- Up-to-date: /work/ros2_ws/install/simple_robot_description/share/simple_robot_description/local_setup.bash
[4.330s] -- Up-to-date: /work/ros2_ws/install/simple_robot_description/share/simple_robot_description/local_setup.sh
[4.377s] -- Up-to-date: /work/ros2_ws/install/simple_robot_description/share/simple_robot_description/local_setup.zsh
[4.416s] -- Up-to-date: /work/ros2_ws/install/simple_robot_description/share/simple_robot_description/local_setup.dsv
[4.474s] -- Installing: /work/ros2_ws/install/simple_robot_description/share/simple_robot_description/package.dsv
[4.670s] -- Up-to-date: /work/ros2_ws/install/simple_robot_description/share/ament_index/resource_index/packages/simple_robot_description
[4.718s] -- Up-to-date: /work/ros2_ws/install/simple_robot_description/share/simple_robot_description/cmake/simple_robot_descriptionConfig.cmake
[4.764s] -- Up-to-date: /work/ros2_ws/install/simple_robot_description/share/simple_robot_description/cmake/simple_robot_descriptionConfig-version.cmake
[4.812s] -- Up-to-date: /work/ros2_ws/install/simple_robot_description/share/simple_robot_description/package.xml
[4.849s] Invoked command in '/work/ros2_ws/build/simple_robot_description' returned '0': CMAKE_PREFIX_PATH=${CMAKE_PREFIX_PATH}:/work/ros2_ws/install/wall_follower:/opt/ros/humble /usr/bin/cmake --install /work/ros2_ws/build/simple_robot_description
