-- The C compiler identification is GNU 11.4.0
-- The CXX compiler identification is GNU 11.4.0
-- Detecting C compiler ABI info
-- Detecting C compiler ABI info - done
-- Check for working C compiler: /usr/bin/cc - skipped
-- Detecting C compile features
-- Detecting C compile features - done
-- Detecting CXX compiler ABI info
-- Detecting CXX compiler ABI info - done
-- Check for working CXX compiler: /usr/bin/c++ - skipped
-- Detecting CXX compile features
-- Detecting CXX compile features - done
-- Found ament_cmake: 1.3.14 (/opt/ros/humble/share/ament_cmake/cmake)
-- Found Python3: /usr/bin/python3 (found version "3.10.12") found components: Interpreter 
-- Configuring done
-- Generating done
-- Build files have been written to: /mnt/c/Users/somto/Documents/Graduate Degree Applications/Nottingham Trent University/3. Third Term 2026/Cognitive Robotics/cognitive_coursework/ros2_ws/build/simple_robot_description
-- Install configuration: ""
-- Installing: /mnt/c/Users/somto/Documents/Graduate Degree Applications/Nottingham Trent University/3. Third Term 2026/Cognitive Robotics/cognitive_coursework/ros2_ws/install/simple_robot_description/share/simple_robot_description/urdf
-- Installing: /mnt/c/Users/somto/Documents/Graduate Degree Applications/Nottingham Trent University/3. Third Term 2026/Cognitive Robotics/cognitive_coursework/ros2_ws/install/simple_robot_description/share/simple_robot_description/urdf/robot.urdf
-- Installing: /mnt/c/Users/somto/Documents/Graduate Degree Applications/Nottingham Trent University/3. Third Term 2026/Cognitive Robotics/cognitive_coursework/ros2_ws/install/simple_robot_description/share/simple_robot_description/launch
-- Installing: /mnt/c/Users/somto/Documents/Graduate Degree Applications/Nottingham Trent University/3. Third Term 2026/Cognitive Robotics/cognitive_coursework/ros2_ws/install/simple_robot_description/share/simple_robot_description/launch/display.launch.py
-- Installing: /mnt/c/Users/somto/Documents/Graduate Degree Applications/Nottingham Trent University/3. Third Term 2026/Cognitive Robotics/cognitive_coursework/ros2_ws/install/simple_robot_description/share/simple_robot_description/launch/gazebo.launch.py
-- Installing: /mnt/c/Users/somto/Documents/Graduate Degree Applications/Nottingham Trent University/3. Third Term 2026/Cognitive Robotics/cognitive_coursework/ros2_ws/install/simple_robot_description/share/simple_robot_description/rviz
-- Installing: /mnt/c/Users/somto/Documents/Graduate Degree Applications/Nottingham Trent University/3. Third Term 2026/Cognitive Robotics/cognitive_coursework/ros2_ws/install/simple_robot_description/share/simple_robot_description/rviz/robot.rviz
-- Installing: /mnt/c/Users/somto/Documents/Graduate Degree Applications/Nottingham Trent University/3. Third Term 2026/Cognitive Robotics/cognitive_coursework/ros2_ws/install/simple_robot_description/share/simple_robot_description/worlds
-- Installing: /mnt/c/Users/somto/Documents/Graduate Degree Applications/Nottingham Trent University/3. Third Term 2026/Cognitive Robotics/cognitive_coursework/ros2_ws/install/simple_robot_description/share/simple_robot_description/worlds/diff_drive
-- Installing: /mnt/c/Users/somto/Documents/Graduate Degree Applications/Nottingham Trent University/3. Third Term 2026/Cognitive Robotics/cognitive_coursework/ros2_ws/install/simple_robot_description/share/simple_robot_description/worlds/diff_drive/detection_world.sdf
-- Installing: /mnt/c/Users/somto/Documents/Graduate Degree Applications/Nottingham Trent University/3. Third Term 2026/Cognitive Robotics/cognitive_coursework/ros2_ws/install/simple_robot_description/share/simple_robot_description/worlds/simple_world.world
-- Installing: /mnt/c/Users/somto/Documents/Graduate Degree Applications/Nottingham Trent University/3. Third Term 2026/Cognitive Robotics/cognitive_coursework/ros2_ws/install/simple_robot_description/share/ament_index/resource_index/package_run_dependencies/simple_robot_description
-- Installing: /mnt/c/Users/somto/Documents/Graduate Degree Applications/Nottingham Trent University/3. Third Term 2026/Cognitive Robotics/cognitive_coursework/ros2_ws/install/simple_robot_description/share/ament_index/resource_index/parent_prefix_path/simple_robot_description
-- Installing: /mnt/c/Users/somto/Documents/Graduate Degree Applications/Nottingham Trent University/3. Third Term 2026/Cognitive Robotics/cognitive_coursework/ros2_ws/install/simple_robot_description/share/simple_robot_description/environment/ament_prefix_path.sh
-- Installing: /mnt/c/Users/somto/Documents/Graduate Degree Applications/Nottingham Trent University/3. Third Term 2026/Cognitive Robotics/cognitive_coursework/ros2_ws/install/simple_robot_description/share/simple_robot_description/environment/ament_prefix_path.dsv
-- Installing: /mnt/c/Users/somto/Documents/Graduate Degree Applications/Nottingham Trent University/3. Third Term 2026/Cognitive Robotics/cognitive_coursework/ros2_ws/install/simple_robot_description/share/simple_robot_description/environment/path.sh
-- Installing: /mnt/c/Users/somto/Documents/Graduate Degree Applications/Nottingham Trent University/3. Third Term 2026/Cognitive Robotics/cognitive_coursework/ros2_ws/install/simple_robot_description/share/simple_robot_description/environment/path.dsv
-- Installing: /mnt/c/Users/somto/Documents/Graduate Degree Applications/Nottingham Trent University/3. Third Term 2026/Cognitive Robotics/cognitive_coursework/ros2_ws/install/simple_robot_description/share/simple_robot_description/local_setup.bash
-- Installing: /mnt/c/Users/somto/Documents/Graduate Degree Applications/Nottingham Trent University/3. Third Term 2026/Cognitive Robotics/cognitive_coursework/ros2_ws/install/simple_robot_description/share/simple_robot_description/local_setup.sh
-- Installing: /mnt/c/Users/somto/Documents/Graduate Degree Applications/Nottingham Trent University/3. Third Term 2026/Cognitive Robotics/cognitive_coursework/ros2_ws/install/simple_robot_description/share/simple_robot_description/local_setup.zsh
-- Installing: /mnt/c/Users/somto/Documents/Graduate Degree Applications/Nottingham Trent University/3. Third Term 2026/Cognitive Robotics/cognitive_coursework/ros2_ws/install/simple_robot_description/share/simple_robot_description/local_setup.dsv
-- Installing: /mnt/c/Users/somto/Documents/Graduate Degree Applications/Nottingham Trent University/3. Third Term 2026/Cognitive Robotics/cognitive_coursework/ros2_ws/install/simple_robot_description/share/simple_robot_description/package.dsv
-- Installing: /mnt/c/Users/somto/Documents/Graduate Degree Applications/Nottingham Trent University/3. Third Term 2026/Cognitive Robotics/cognitive_coursework/ros2_ws/install/simple_robot_description/share/ament_index/resource_index/packages/simple_robot_description
-- Installing: /mnt/c/Users/somto/Documents/Graduate Degree Applications/Nottingham Trent University/3. Third Term 2026/Cognitive Robotics/cognitive_coursework/ros2_ws/install/simple_robot_description/share/simple_robot_description/cmake/simple_robot_descriptionConfig.cmake
-- Installing: /mnt/c/Users/somto/Documents/Graduate Degree Applications/Nottingham Trent University/3. Third Term 2026/Cognitive Robotics/cognitive_coursework/ros2_ws/install/simple_robot_description/share/simple_robot_description/cmake/simple_robot_descriptionConfig-version.cmake
-- Installing: /mnt/c/Users/somto/Documents/Graduate Degree Applications/Nottingham Trent University/3. Third Term 2026/Cognitive Robotics/cognitive_coursework/ros2_ws/install/simple_robot_description/share/simple_robot_description/package.xml
