[0.304s] Invoking command in '/mnt/c/Users/somto/Documents/Graduate Degree Applications/Nottingham Trent University/3. Third Term 2026/Cognitive Robotics/cognitive_coursework/ros2_ws/build/simple_robot_description': CMAKE_PREFIX_PATH=/opt/ros/humble /usr/bin/cmake /mnt/c/Users/somto/Documents/Graduate Degree Applications/Nottingham Trent University/3. Third Term 2026/Cognitive Robotics/cognitive_coursework/ros2_ws/src/simple_robot_description -DCMAKE_INSTALL_PREFIX=/mnt/c/Users/somto/Documents/Graduate Degree Applications/Nottingham Trent University/3. Third Term 2026/Cognitive Robotics/cognitive_coursework/ros2_ws/install/simple_robot_description
[2.299s] -- The C compiler identification is GNU 11.4.0
[5.805s] -- The CXX compiler identification is GNU 11.4.0
[7.970s] -- Detecting C compiler ABI info
[11.040s] -- Detecting C compiler ABI info - done
[11.164s] -- Check for working C compiler: /usr/bin/cc - skipped
[11.165s] -- Detecting C compile features
[11.171s] -- Detecting C compile features - done
[11.381s] -- Detecting CXX compiler ABI info
[14.633s] -- Detecting CXX compiler ABI info - done
[14.715s] -- Check for working CXX compiler: /usr/bin/c++ - skipped
[14.723s] -- Detecting CXX compile features
[14.740s] -- Detecting CXX compile features - done
[15.138s] -- Found ament_cmake: 1.3.14 (/opt/ros/humble/share/ament_cmake/cmake)
[15.680s] -- Found Python3: /usr/bin/python3 (found version "3.10.12") found components: Interpreter 
[18.473s] -- Configuring done
[19.582s] -- Generating done
[20.331s] -- Build files have been written to: /mnt/c/Users/somto/Documents/Graduate Degree Applications/Nottingham Trent University/3. Third Term 2026/Cognitive Robotics/cognitive_coursework/ros2_ws/build/simple_robot_description
[20.349s] Invoked command in '/mnt/c/Users/somto/Documents/Graduate Degree Applications/Nottingham Trent University/3. Third Term 2026/Cognitive Robotics/cognitive_coursework/ros2_ws/build/simple_robot_description' returned '0': CMAKE_PREFIX_PATH=/opt/ros/humble /usr/bin/cmake /mnt/c/Users/somto/Documents/Graduate Degree Applications/Nottingham Trent University/3. Third Term 2026/Cognitive Robotics/cognitive_coursework/ros2_ws/src/simple_robot_description -DCMAKE_INSTALL_PREFIX=/mnt/c/Users/somto/Documents/Graduate Degree Applications/Nottingham Trent University/3. Third Term 2026/Cognitive Robotics/cognitive_coursework/ros2_ws/install/simple_robot_description
[20.400s] Invoking command in '/mnt/c/Users/somto/Documents/Graduate Degree Applications/Nottingham Trent University/3. Third Term 2026/Cognitive Robotics/cognitive_coursework/ros2_ws/build/simple_robot_description': CMAKE_PREFIX_PATH=/opt/ros/humble /usr/bin/cmake --build /mnt/c/Users/somto/Documents/Graduate Degree Applications/Nottingham Trent University/3. Third Term 2026/Cognitive Robotics/cognitive_coursework/ros2_ws/build/simple_robot_description -- -j12 -l12
[20.972s] Invoked command in '/mnt/c/Users/somto/Documents/Graduate Degree Applications/Nottingham Trent University/3. Third Term 2026/Cognitive Robotics/cognitive_coursework/ros2_ws/build/simple_robot_description' returned '0': CMAKE_PREFIX_PATH=/opt/ros/humble /usr/bin/cmake --build /mnt/c/Users/somto/Documents/Graduate Degree Applications/Nottingham Trent University/3. Third Term 2026/Cognitive Robotics/cognitive_coursework/ros2_ws/build/simple_robot_description -- -j12 -l12
[21.093s] Invoking command in '/mnt/c/Users/somto/Documents/Graduate Degree Applications/Nottingham Trent University/3. Third Term 2026/Cognitive Robotics/cognitive_coursework/ros2_ws/build/simple_robot_description': CMAKE_PREFIX_PATH=/opt/ros/humble /usr/bin/cmake --install /mnt/c/Users/somto/Documents/Graduate Degree Applications/Nottingham Trent University/3. Third Term 2026/Cognitive Robotics/cognitive_coursework/ros2_ws/build/simple_robot_description
[21.121s] -- Install configuration: ""
[21.140s] -- Installing: /mnt/c/Users/somto/Documents/Graduate Degree Applications/Nottingham Trent University/3. Third Term 2026/Cognitive Robotics/cognitive_coursework/ros2_ws/install/simple_robot_description/share/simple_robot_description/urdf
[21.295s] -- Installing: /mnt/c/Users/somto/Documents/Graduate Degree Applications/Nottingham Trent University/3. Third Term 2026/Cognitive Robotics/cognitive_coursework/ros2_ws/install/simple_robot_description/share/simple_robot_description/urdf/robot.urdf
[21.614s] -- Installing: /mnt/c/Users/somto/Documents/Graduate Degree Applications/Nottingham Trent University/3. Third Term 2026/Cognitive Robotics/cognitive_coursework/ros2_ws/install/simple_robot_description/share/simple_robot_description/launch
[21.690s] -- Installing: /mnt/c/Users/somto/Documents/Graduate Degree Applications/Nottingham Trent University/3. Third Term 2026/Cognitive Robotics/cognitive_coursework/ros2_ws/install/simple_robot_description/share/simple_robot_description/launch/display.launch.py
[22.001s] -- Installing: /mnt/c/Users/somto/Documents/Graduate Degree Applications/Nottingham Trent University/3. Third Term 2026/Cognitive Robotics/cognitive_coursework/ros2_ws/install/simple_robot_description/share/simple_robot_description/launch/gazebo.launch.py
[22.390s] -- Installing: /mnt/c/Users/somto/Documents/Graduate Degree Applications/Nottingham Trent University/3. Third Term 2026/Cognitive Robotics/cognitive_coursework/ros2_ws/install/simple_robot_description/share/simple_robot_description/rviz
[22.534s] -- Installing: /mnt/c/Users/somto/Documents/Graduate Degree Applications/Nottingham Trent University/3. Third Term 2026/Cognitive Robotics/cognitive_coursework/ros2_ws/install/simple_robot_description/share/simple_robot_description/rviz/robot.rviz
[22.850s] -- Installing: /mnt/c/Users/somto/Documents/Graduate Degree Applications/Nottingham Trent University/3. Third Term 2026/Cognitive Robotics/cognitive_coursework/ros2_ws/install/simple_robot_description/share/simple_robot_description/worlds
[23.100s] -- Installing: /mnt/c/Users/somto/Documents/Graduate Degree Applications/Nottingham Trent University/3. Third Term 2026/Cognitive Robotics/cognitive_coursework/ros2_ws/install/simple_robot_description/share/simple_robot_description/worlds/diff_drive
[23.309s] -- Installing: /mnt/c/Users/somto/Documents/Graduate Degree Applications/Nottingham Trent University/3. Third Term 2026/Cognitive Robotics/cognitive_coursework/ros2_ws/install/simple_robot_description/share/simple_robot_description/worlds/diff_drive/detection_world.sdf
[23.736s] -- Installing: /mnt/c/Users/somto/Documents/Graduate Degree Applications/Nottingham Trent University/3. Third Term 2026/Cognitive Robotics/cognitive_coursework/ros2_ws/install/simple_robot_description/share/simple_robot_description/worlds/simple_world.world
[24.125s] -- Installing: /mnt/c/Users/somto/Documents/Graduate Degree Applications/Nottingham Trent University/3. Third Term 2026/Cognitive Robotics/cognitive_coursework/ros2_ws/install/simple_robot_description/share/ament_index/resource_index/package_run_dependencies/simple_robot_description
[24.686s] -- Installing: /mnt/c/Users/somto/Documents/Graduate Degree Applications/Nottingham Trent University/3. Third Term 2026/Cognitive Robotics/cognitive_coursework/ros2_ws/install/simple_robot_description/share/ament_index/resource_index/parent_prefix_path/simple_robot_description
[25.093s] -- Installing: /mnt/c/Users/somto/Documents/Graduate Degree Applications/Nottingham Trent University/3. Third Term 2026/Cognitive Robotics/cognitive_coursework/ros2_ws/install/simple_robot_description/share/simple_robot_description/environment/ament_prefix_path.sh
[25.303s] -- Installing: /mnt/c/Users/somto/Documents/Graduate Degree Applications/Nottingham Trent University/3. Third Term 2026/Cognitive Robotics/cognitive_coursework/ros2_ws/install/simple_robot_description/share/simple_robot_description/environment/ament_prefix_path.dsv
[25.675s] -- Installing: /mnt/c/Users/somto/Documents/Graduate Degree Applications/Nottingham Trent University/3. Third Term 2026/Cognitive Robotics/cognitive_coursework/ros2_ws/install/simple_robot_description/share/simple_robot_description/environment/path.sh
[26.044s] -- Installing: /mnt/c/Users/somto/Documents/Graduate Degree Applications/Nottingham Trent University/3. Third Term 2026/Cognitive Robotics/cognitive_coursework/ros2_ws/install/simple_robot_description/share/simple_robot_description/environment/path.dsv
[26.434s] -- Installing: /mnt/c/Users/somto/Documents/Graduate Degree Applications/Nottingham Trent University/3. Third Term 2026/Cognitive Robotics/cognitive_coursework/ros2_ws/install/simple_robot_description/share/simple_robot_description/local_setup.bash
[26.768s] -- Installing: /mnt/c/Users/somto/Documents/Graduate Degree Applications/Nottingham Trent University/3. Third Term 2026/Cognitive Robotics/cognitive_coursework/ros2_ws/install/simple_robot_description/share/simple_robot_description/local_setup.sh
[27.115s] -- Installing: /mnt/c/Users/somto/Documents/Graduate Degree Applications/Nottingham Trent University/3. Third Term 2026/Cognitive Robotics/cognitive_coursework/ros2_ws/install/simple_robot_description/share/simple_robot_description/local_setup.zsh
[27.451s] -- Installing: /mnt/c/Users/somto/Documents/Graduate Degree Applications/Nottingham Trent University/3. Third Term 2026/Cognitive Robotics/cognitive_coursework/ros2_ws/install/simple_robot_description/share/simple_robot_description/local_setup.dsv
[27.860s] -- Installing: /mnt/c/Users/somto/Documents/Graduate Degree Applications/Nottingham Trent University/3. Third Term 2026/Cognitive Robotics/cognitive_coursework/ros2_ws/install/simple_robot_description/share/simple_robot_description/package.dsv
[28.341s] -- Installing: /mnt/c/Users/somto/Documents/Graduate Degree Applications/Nottingham Trent University/3. Third Term 2026/Cognitive Robotics/cognitive_coursework/ros2_ws/install/simple_robot_description/share/ament_index/resource_index/packages/simple_robot_description
[28.948s] -- Installing: /mnt/c/Users/somto/Documents/Graduate Degree Applications/Nottingham Trent University/3. Third Term 2026/Cognitive Robotics/cognitive_coursework/ros2_ws/install/simple_robot_description/share/simple_robot_description/cmake/simple_robot_descriptionConfig.cmake
[29.491s] -- Installing: /mnt/c/Users/somto/Documents/Graduate Degree Applications/Nottingham Trent University/3. Third Term 2026/Cognitive Robotics/cognitive_coursework/ros2_ws/install/simple_robot_description/share/simple_robot_description/cmake/simple_robot_descriptionConfig-version.cmake
[29.844s] -- Installing: /mnt/c/Users/somto/Documents/Graduate Degree Applications/Nottingham Trent University/3. Third Term 2026/Cognitive Robotics/cognitive_coursework/ros2_ws/install/simple_robot_description/share/simple_robot_description/package.xml
[30.232s] Invoked command in '/mnt/c/Users/somto/Documents/Graduate Degree Applications/Nottingham Trent University/3. Third Term 2026/Cognitive Robotics/cognitive_coursework/ros2_ws/build/simple_robot_description' returned '0': CMAKE_PREFIX_PATH=/opt/ros/humble /usr/bin/cmake --install /mnt/c/Users/somto/Documents/Graduate Degree Applications/Nottingham Trent University/3. Third Term 2026/Cognitive Robotics/cognitive_coursework/ros2_ws/build/simple_robot_description
