[0.097s] Invoking command in '/work/ros2_ws/build/simple_robot_description': CMAKE_PREFIX_PATH=${CMAKE_PREFIX_PATH}:/opt/ros/humble /usr/bin/cmake --build /work/ros2_ws/build/simple_robot_description -- -j20 -l20
[0.264s] Invoked command in '/work/ros2_ws/build/simple_robot_description' returned '0': CMAKE_PREFIX_PATH=${CMAKE_PREFIX_PATH}:/opt/ros/humble /usr/bin/cmake --build /work/ros2_ws/build/simple_robot_description -- -j20 -l20
[0.297s] Invoking command in '/work/ros2_ws/build/simple_robot_description': CMAKE_PREFIX_PATH=${CMAKE_PREFIX_PATH}:/opt/ros/humble /usr/bin/cmake --install /work/ros2_ws/build/simple_robot_description
[0.308s] -- Install configuration: ""
[0.324s] -- Up-to-date: /work/ros2_ws/install/simple_robot_description/share/simple_robot_description/urdf
[0.374s] -- Installing: /work/ros2_ws/install/simple_robot_description/share/simple_robot_description/urdf/robot.urdf
[0.494s] -- Up-to-date: /work/ros2_ws/install/simple_robot_description/share/simple_robot_description/launch
[0.525s] -- Up-to-date: /work/ros2_ws/install/simple_robot_description/share/simple_robot_description/launch/display.launch.py
[0.546s] -- Up-to-date: /work/ros2_ws/install/simple_robot_description/share/simple_robot_description/launch/gazebo.launch.py
[0.558s] -- Up-to-date: /work/ros2_ws/install/simple_robot_description/share/simple_robot_description/rviz
[0.577s] -- Up-to-date: /work/ros2_ws/install/simple_robot_description/share/simple_robot_description/rviz/robot.rviz
[0.588s] -- Up-to-date: /work/ros2_ws/install/simple_robot_description/share/simple_robot_description/config
[0.603s] -- Up-to-date: /work/ros2_ws/install/simple_robot_description/share/simple_robot_description/worlds
[0.622s] -- Up-to-date: /work/ros2_ws/install/simple_robot_description/share/simple_robot_description/worlds/simple_world.world
[0.633s] -- Up-to-date: /work/ros2_ws/install/simple_robot_description/share/simple_robot_description/models
[0.659s] -- Up-to-date: /work/ros2_ws/install/simple_robot_description/share/ament_index/resource_index/package_run_dependencies/simple_robot_description
[0.681s] -- Up-to-date: /work/ros2_ws/install/simple_robot_description/share/ament_index/resource_index/parent_prefix_path/simple_robot_description
[0.692s] -- Up-to-date: /work/ros2_ws/install/simple_robot_description/share/simple_robot_description/environment/ament_prefix_path.sh
[0.706s] -- Up-to-date: /work/ros2_ws/install/simple_robot_description/share/simple_robot_description/environment/ament_prefix_path.dsv
[0.717s] -- Up-to-date: /work/ros2_ws/install/simple_robot_description/share/simple_robot_description/environment/path.sh
[0.731s] -- Up-to-date: /work/ros2_ws/install/simple_robot_description/share/simple_robot_description/environment/path.dsv
[0.745s] -- Up-to-date: /work/ros2_ws/install/simple_robot_description/share/simple_robot_description/local_setup.bash
[0.758s] -- Up-to-date: /work/ros2_ws/install/simple_robot_description/share/simple_robot_description/local_setup.sh
[0.770s] -- Up-to-date: /work/ros2_ws/install/simple_robot_description/share/simple_robot_description/local_setup.zsh
[0.782s] -- Up-to-date: /work/ros2_ws/install/simple_robot_description/share/simple_robot_description/local_setup.dsv
[0.793s] -- Installing: /work/ros2_ws/install/simple_robot_description/share/simple_robot_description/package.dsv
[0.842s] -- Up-to-date: /work/ros2_ws/install/simple_robot_description/share/ament_index/resource_index/packages/simple_robot_description
[0.855s] -- Up-to-date: /work/ros2_ws/install/simple_robot_description/share/simple_robot_description/cmake/simple_robot_descriptionConfig.cmake
[0.865s] -- Up-to-date: /work/ros2_ws/install/simple_robot_description/share/simple_robot_description/cmake/simple_robot_descriptionConfig-version.cmake
[0.878s] -- Up-to-date: /work/ros2_ws/install/simple_robot_description/share/simple_robot_description/package.xml
[0.885s] Invoked command in '/work/ros2_ws/build/simple_robot_description' returned '0': CMAKE_PREFIX_PATH=${CMAKE_PREFIX_PATH}:/opt/ros/humble /usr/bin/cmake --install /work/ros2_ws/build/simple_robot_description
