[0.091s] Invoking command in '/work/ros2_ws/build/simple_robot_description': CMAKE_PREFIX_PATH=/opt/ros/humble /usr/bin/cmake --build /work/ros2_ws/build/simple_robot_description -- -j20 -l20
[0.235s] Invoked command in '/work/ros2_ws/build/simple_robot_description' returned '0': CMAKE_PREFIX_PATH=/opt/ros/humble /usr/bin/cmake --build /work/ros2_ws/build/simple_robot_description -- -j20 -l20
[0.273s] Invoking command in '/work/ros2_ws/build/simple_robot_description': CMAKE_PREFIX_PATH=/opt/ros/humble /usr/bin/cmake --install /work/ros2_ws/build/simple_robot_description
[0.290s] -- Install configuration: ""
[0.298s] -- Up-to-date: /work/ros2_ws/install/simple_robot_description/share/simple_robot_description/urdf
[0.322s] -- Up-to-date: /work/ros2_ws/install/simple_robot_description/share/simple_robot_description/urdf/robot.urdf
[0.334s] -- Up-to-date: /work/ros2_ws/install/simple_robot_description/share/simple_robot_description/launch
[0.355s] -- Up-to-date: /work/ros2_ws/install/simple_robot_description/share/simple_robot_description/launch/display.launch.py
[0.370s] -- Up-to-date: /work/ros2_ws/install/simple_robot_description/share/simple_robot_description/launch/gazebo.launch.py
[0.381s] -- Up-to-date: /work/ros2_ws/install/simple_robot_description/share/simple_robot_description/rviz
[0.404s] -- Up-to-date: /work/ros2_ws/install/simple_robot_description/share/simple_robot_description/rviz/robot.rviz
[0.416s] -- Up-to-date: /work/ros2_ws/install/simple_robot_description/share/simple_robot_description/config
[0.432s] -- Up-to-date: /work/ros2_ws/install/simple_robot_description/share/simple_robot_description/worlds
[0.452s] -- Up-to-date: /work/ros2_ws/install/simple_robot_description/share/simple_robot_description/worlds/simple_world.world
[0.464s] -- Up-to-date: /work/ros2_ws/install/simple_robot_description/share/simple_robot_description/models
[0.493s] -- Up-to-date: /work/ros2_ws/install/simple_robot_description/share/ament_index/resource_index/package_run_dependencies/simple_robot_description
[0.518s] -- Up-to-date: /work/ros2_ws/install/simple_robot_description/share/ament_index/resource_index/parent_prefix_path/simple_robot_description
[0.530s] -- Up-to-date: /work/ros2_ws/install/simple_robot_description/share/simple_robot_description/environment/ament_prefix_path.sh
[0.545s] -- Up-to-date: /work/ros2_ws/install/simple_robot_description/share/simple_robot_description/environment/ament_prefix_path.dsv
[0.557s] -- Up-to-date: /work/ros2_ws/install/simple_robot_description/share/simple_robot_description/environment/path.sh
[0.572s] -- Up-to-date: /work/ros2_ws/install/simple_robot_description/share/simple_robot_description/environment/path.dsv
[0.586s] -- Up-to-date: /work/ros2_ws/install/simple_robot_description/share/simple_robot_description/local_setup.bash
[0.599s] -- Up-to-date: /work/ros2_ws/install/simple_robot_description/share/simple_robot_description/local_setup.sh
[0.616s] -- Up-to-date: /work/ros2_ws/install/simple_robot_description/share/simple_robot_description/local_setup.zsh
[0.629s] -- Up-to-date: /work/ros2_ws/install/simple_robot_description/share/simple_robot_description/local_setup.dsv
[0.643s] -- Installing: /work/ros2_ws/install/simple_robot_description/share/simple_robot_description/package.dsv
[0.710s] -- Up-to-date: /work/ros2_ws/install/simple_robot_description/share/ament_index/resource_index/packages/simple_robot_description
[0.727s] -- Up-to-date: /work/ros2_ws/install/simple_robot_description/share/simple_robot_description/cmake/simple_robot_descriptionConfig.cmake
[0.739s] -- Up-to-date: /work/ros2_ws/install/simple_robot_description/share/simple_robot_description/cmake/simple_robot_descriptionConfig-version.cmake
[0.755s] -- Up-to-date: /work/ros2_ws/install/simple_robot_description/share/simple_robot_description/package.xml
[0.773s] Invoked command in '/work/ros2_ws/build/simple_robot_description' returned '0': CMAKE_PREFIX_PATH=/opt/ros/humble /usr/bin/cmake --install /work/ros2_ws/build/simple_robot_description
