[4.348s] Invoking command in '/work/ros2_ws/src/wall_follower': PYTHONPATH=/work/ros2_ws/build/wall_follower/prefix_override:/usr/lib/python3/dist-packages/colcon_core/task/python/colcon_distutils_commands:/work/ros2_ws/install/wall_follower/lib/python3.10/site-packages:${PYTHONPATH} /usr/bin/python3 -W ignore:setup.py install is deprecated -W ignore:easy_install command is deprecated setup.py egg_info --egg-base ../../build/wall_follower build --build-base /work/ros2_ws/build/wall_follower/build install --record /work/ros2_ws/build/wall_follower/install.log --single-version-externally-managed install_data
[5.978s] running egg_info
[5.990s] writing ../../build/wall_follower/wall_follower.egg-info/PKG-INFO
[6.004s] writing dependency_links to ../../build/wall_follower/wall_follower.egg-info/dependency_links.txt
[6.018s] writing entry points to ../../build/wall_follower/wall_follower.egg-info/entry_points.txt
[6.033s] writing requirements to ../../build/wall_follower/wall_follower.egg-info/requires.txt
[6.038s] writing top-level names to ../../build/wall_follower/wall_follower.egg-info/top_level.txt
[6.130s] reading manifest file '../../build/wall_follower/wall_follower.egg-info/SOURCES.txt'
[6.296s] writing manifest file '../../build/wall_follower/wall_follower.egg-info/SOURCES.txt'
[6.301s] running build
[6.303s] running build_py
[6.331s] copying wall_follower/wall_follower_node.py -> /work/ros2_ws/build/wall_follower/build/lib/wall_follower
[6.419s] running install
[6.422s] running install_lib
[6.503s] copying /work/ros2_ws/build/wall_follower/build/lib/wall_follower/wall_follower_node.py -> /work/ros2_ws/install/wall_follower/lib/python3.10/site-packages/wall_follower
[6.656s] byte-compiling /work/ros2_ws/install/wall_follower/lib/python3.10/site-packages/wall_follower/wall_follower_node.py to wall_follower_node.cpython-310.pyc
[6.760s] running install_data
[6.829s] running install_egg_info
[6.850s] removing '/work/ros2_ws/install/wall_follower/lib/python3.10/site-packages/wall_follower-0.0.0-py3.10.egg-info' (and everything under it)
[6.987s] Copying ../../build/wall_follower/wall_follower.egg-info to /work/ros2_ws/install/wall_follower/lib/python3.10/site-packages/wall_follower-0.0.0-py3.10.egg-info
[7.565s] running install_scripts
[7.713s] Installing wall_follower_node script to /work/ros2_ws/install/wall_follower/lib/wall_follower
[7.744s] writing list of installed files to '/work/ros2_ws/build/wall_follower/install.log'
[7.777s] Invoked command in '/work/ros2_ws/src/wall_follower' returned '0': PYTHONPATH=/work/ros2_ws/build/wall_follower/prefix_override:/usr/lib/python3/dist-packages/colcon_core/task/python/colcon_distutils_commands:/work/ros2_ws/install/wall_follower/lib/python3.10/site-packages:${PYTHONPATH} /usr/bin/python3 -W ignore:setup.py install is deprecated -W ignore:easy_install command is deprecated setup.py egg_info --egg-base ../../build/wall_follower build --build-base /work/ros2_ws/build/wall_follower/build install --record /work/ros2_ws/build/wall_follower/install.log --single-version-externally-managed install_data
