[0.586s] DEBUG:colcon:Command line arguments: ['/usr/bin/colcon', 'build']
[0.586s] DEBUG:colcon:Parsed command line arguments: Namespace(log_base=None, log_level=None, verb_name='build', build_base='build', install_base='install', merge_install=False, symlink_install=False, test_result_base=None, continue_on_error=False, executor='parallel', parallel_workers=20, event_handlers=None, ignore_user_meta=False, metas=['./colcon.meta'], base_paths=['.'], packages_ignore=None, packages_ignore_regex=None, paths=None, packages_up_to=None, packages_up_to_regex=None, packages_above=None, packages_above_and_dependencies=None, packages_above_depth=None, packages_select_by_dep=None, packages_skip_by_dep=None, packages_skip_up_to=None, packages_select_build_failed=False, packages_skip_build_finished=False, packages_select_test_failures=False, packages_skip_test_passed=False, packages_select=None, packages_skip=None, packages_select_regex=None, packages_skip_regex=None, packages_start=None, packages_end=None, cmake_args=None, cmake_target=None, cmake_target_skip_unavailable=False, cmake_clean_cache=False, cmake_clean_first=False, cmake_force_configure=False, ament_cmake_args=None, catkin_cmake_args=None, catkin_skip_building_tests=False, mixin_files=None, mixin=None, verb_parser=<colcon_mixin.mixin.mixin_argument.MixinArgumentDecorator object at 0x7b7a1f9efa00>, verb_extension=<colcon_core.verb.build.BuildVerb object at 0x7b7a1f9ef550>, main=<bound method BuildVerb.main of <colcon_core.verb.build.BuildVerb object at 0x7b7a1f9ef550>>, mixin_verb=('build',))
[0.977s] Level 1:colcon.colcon_core.package_discovery:discover_packages(colcon_meta) check parameters
[0.979s] INFO:colcon.colcon_metadata.package_discovery.colcon_meta:Using configuration from '/root/.colcon/metadata/default/Gazebo.meta'
[0.980s] INFO:colcon.colcon_metadata.package_discovery.colcon_meta:Using configuration from '/root/.colcon/metadata/default/fastdds.meta'
[0.981s] INFO:colcon.colcon_metadata.package_discovery.colcon_meta:Using configuration from '/root/.colcon/metadata/default/fastrtps.meta'
[0.981s] Level 1:colcon.colcon_core.package_discovery:discover_packages(recursive) check parameters
[0.982s] Level 1:colcon.colcon_core.package_discovery:discover_packages(ignore) check parameters
[0.983s] Level 1:colcon.colcon_core.package_discovery:discover_packages(path) check parameters
[0.985s] Level 1:colcon.colcon_core.package_discovery:discover_packages(colcon_meta) discover
[0.985s] Level 1:colcon.colcon_core.package_discovery:discover_packages(recursive) discover
[0.985s] INFO:colcon.colcon_core.package_discovery:Crawling recursively for packages in '/work/ros2_ws'
[0.991s] Level 1:colcon.colcon_core.package_identification:_identify(.) by extensions ['ignore', 'ignore_ament_install']
[0.992s] Level 1:colcon.colcon_core.package_identification:_identify(.) by extension 'ignore'
[0.993s] Level 1:colcon.colcon_core.package_identification:_identify(.) by extension 'ignore_ament_install'
[0.994s] Level 1:colcon.colcon_core.package_identification:_identify(.) by extensions ['colcon_pkg']
[0.994s] Level 1:colcon.colcon_core.package_identification:_identify(.) by extension 'colcon_pkg'
[0.995s] Level 1:colcon.colcon_core.package_identification:_identify(.) by extensions ['colcon_meta']
[0.995s] Level 1:colcon.colcon_core.package_identification:_identify(.) by extension 'colcon_meta'
[0.995s] Level 1:colcon.colcon_core.package_identification:_identify(.) by extensions ['ros']
[0.996s] Level 1:colcon.colcon_core.package_identification:_identify(.) by extension 'ros'
[1.015s] Level 1:colcon.colcon_core.package_identification:_identify(.) by extensions ['cmake', 'python']
[1.015s] Level 1:colcon.colcon_core.package_identification:_identify(.) by extension 'cmake'
[1.016s] Level 1:colcon.colcon_core.package_identification:_identify(.) by extension 'python'
[1.016s] Level 1:colcon.colcon_core.package_identification:_identify(.) by extensions ['python_setup_py']
[1.017s] Level 1:colcon.colcon_core.package_identification:_identify(.) by extension 'python_setup_py'
[1.021s] Level 1:colcon.colcon_core.package_identification:_identify(build) by extensions ['ignore', 'ignore_ament_install']
[1.023s] Level 1:colcon.colcon_core.package_identification:_identify(build) by extension 'ignore'
[1.026s] Level 1:colcon.colcon_core.package_identification:_identify(build) ignored
[1.034s] Level 1:colcon.colcon_core.package_identification:_identify(install) by extensions ['ignore', 'ignore_ament_install']
[1.034s] Level 1:colcon.colcon_core.package_identification:_identify(install) by extension 'ignore'
[1.039s] Level 1:colcon.colcon_core.package_identification:_identify(install) ignored
[1.047s] Level 1:colcon.colcon_core.package_identification:_identify(log) by extensions ['ignore', 'ignore_ament_install']
[1.048s] Level 1:colcon.colcon_core.package_identification:_identify(log) by extension 'ignore'
[1.059s] Level 1:colcon.colcon_core.package_identification:_identify(log) ignored
[1.066s] Level 1:colcon.colcon_core.package_identification:_identify(src) by extensions ['ignore', 'ignore_ament_install']
[1.067s] Level 1:colcon.colcon_core.package_identification:_identify(src) by extension 'ignore'
[1.070s] Level 1:colcon.colcon_core.package_identification:_identify(src) by extension 'ignore_ament_install'
[1.075s] Level 1:colcon.colcon_core.package_identification:_identify(src) by extensions ['colcon_pkg']
[1.075s] Level 1:colcon.colcon_core.package_identification:_identify(src) by extension 'colcon_pkg'
[1.077s] Level 1:colcon.colcon_core.package_identification:_identify(src) by extensions ['colcon_meta']
[1.077s] Level 1:colcon.colcon_core.package_identification:_identify(src) by extension 'colcon_meta'
[1.079s] Level 1:colcon.colcon_core.package_identification:_identify(src) by extensions ['ros']
[1.079s] Level 1:colcon.colcon_core.package_identification:_identify(src) by extension 'ros'
[1.085s] Level 1:colcon.colcon_core.package_identification:_identify(src) by extensions ['cmake', 'python']
[1.086s] Level 1:colcon.colcon_core.package_identification:_identify(src) by extension 'cmake'
[1.087s] Level 1:colcon.colcon_core.package_identification:_identify(src) by extension 'python'
[1.089s] Level 1:colcon.colcon_core.package_identification:_identify(src) by extensions ['python_setup_py']
[1.089s] Level 1:colcon.colcon_core.package_identification:_identify(src) by extension 'python_setup_py'
[1.097s] Level 1:colcon.colcon_core.package_identification:_identify(src/simple_robot_description) by extensions ['ignore', 'ignore_ament_install']
[1.097s] Level 1:colcon.colcon_core.package_identification:_identify(src/simple_robot_description) by extension 'ignore'
[1.099s] Level 1:colcon.colcon_core.package_identification:_identify(src/simple_robot_description) by extension 'ignore_ament_install'
[1.105s] Level 1:colcon.colcon_core.package_identification:_identify(src/simple_robot_description) by extensions ['colcon_pkg']
[1.106s] Level 1:colcon.colcon_core.package_identification:_identify(src/simple_robot_description) by extension 'colcon_pkg'
[1.108s] Level 1:colcon.colcon_core.package_identification:_identify(src/simple_robot_description) by extensions ['colcon_meta']
[1.109s] Level 1:colcon.colcon_core.package_identification:_identify(src/simple_robot_description) by extension 'colcon_meta'
[1.112s] Level 1:colcon.colcon_core.package_identification:_identify(src/simple_robot_description) by extensions ['ros']
[1.113s] Level 1:colcon.colcon_core.package_identification:_identify(src/simple_robot_description) by extension 'ros'
[1.157s] DEBUG:colcon.colcon_core.package_identification:Package 'src/simple_robot_description' with type 'ros.ament_cmake' and name 'simple_robot_description'
[1.168s] Level 1:colcon.colcon_core.package_identification:_identify(src/wall_follower) by extensions ['ignore', 'ignore_ament_install']
[1.168s] Level 1:colcon.colcon_core.package_identification:_identify(src/wall_follower) by extension 'ignore'
[1.171s] Level 1:colcon.colcon_core.package_identification:_identify(src/wall_follower) by extension 'ignore_ament_install'
[1.175s] Level 1:colcon.colcon_core.package_identification:_identify(src/wall_follower) by extensions ['colcon_pkg']
[1.175s] Level 1:colcon.colcon_core.package_identification:_identify(src/wall_follower) by extension 'colcon_pkg'
[1.177s] Level 1:colcon.colcon_core.package_identification:_identify(src/wall_follower) by extensions ['colcon_meta']
[1.178s] Level 1:colcon.colcon_core.package_identification:_identify(src/wall_follower) by extension 'colcon_meta'
[1.181s] Level 1:colcon.colcon_core.package_identification:_identify(src/wall_follower) by extensions ['ros']
[1.181s] Level 1:colcon.colcon_core.package_identification:_identify(src/wall_follower) by extension 'ros'
[1.205s] DEBUG:colcon.colcon_core.package_identification:Package 'src/wall_follower' with type 'ros.ament_python' and name 'wall_follower'
[1.205s] Level 1:colcon.colcon_core.package_discovery:discover_packages(recursive) using defaults
[1.206s] Level 1:colcon.colcon_core.package_discovery:discover_packages(ignore) discover
[1.206s] Level 1:colcon.colcon_core.package_discovery:discover_packages(ignore) using defaults
[1.207s] Level 1:colcon.colcon_core.package_discovery:discover_packages(path) discover
[1.207s] Level 1:colcon.colcon_core.package_discovery:discover_packages(path) using defaults
[1.328s] Level 5:colcon.colcon_core.verb:set package 'simple_robot_description' build argument 'cmake_args' from command line to 'None'
[1.329s] Level 5:colcon.colcon_core.verb:set package 'simple_robot_description' build argument 'cmake_target' from command line to 'None'
[1.329s] Level 5:colcon.colcon_core.verb:set package 'simple_robot_description' build argument 'cmake_target_skip_unavailable' from command line to 'False'
[1.329s] Level 5:colcon.colcon_core.verb:set package 'simple_robot_description' build argument 'cmake_clean_cache' from command line to 'False'
[1.329s] Level 5:colcon.colcon_core.verb:set package 'simple_robot_description' build argument 'cmake_clean_first' from command line to 'False'
[1.331s] Level 5:colcon.colcon_core.verb:set package 'simple_robot_description' build argument 'cmake_force_configure' from command line to 'False'
[1.332s] Level 5:colcon.colcon_core.verb:set package 'simple_robot_description' build argument 'ament_cmake_args' from command line to 'None'
[1.332s] Level 5:colcon.colcon_core.verb:set package 'simple_robot_description' build argument 'catkin_cmake_args' from command line to 'None'
[1.333s] Level 5:colcon.colcon_core.verb:set package 'simple_robot_description' build argument 'catkin_skip_building_tests' from command line to 'False'
[1.333s] DEBUG:colcon.colcon_core.verb:Building package 'simple_robot_description' with the following arguments: {'ament_cmake_args': None, 'build_base': '/work/ros2_ws/build/simple_robot_description', 'catkin_cmake_args': None, 'catkin_skip_building_tests': False, 'cmake_args': None, 'cmake_clean_cache': False, 'cmake_clean_first': False, 'cmake_force_configure': False, 'cmake_target': None, 'cmake_target_skip_unavailable': False, 'install_base': '/work/ros2_ws/install/simple_robot_description', 'merge_install': False, 'path': '/work/ros2_ws/src/simple_robot_description', 'symlink_install': False, 'test_result_base': None}
[1.334s] Level 5:colcon.colcon_core.verb:set package 'wall_follower' build argument 'cmake_args' from command line to 'None'
[1.334s] Level 5:colcon.colcon_core.verb:set package 'wall_follower' build argument 'cmake_target' from command line to 'None'
[1.334s] Level 5:colcon.colcon_core.verb:set package 'wall_follower' build argument 'cmake_target_skip_unavailable' from command line to 'False'
[1.335s] Level 5:colcon.colcon_core.verb:set package 'wall_follower' build argument 'cmake_clean_cache' from command line to 'False'
[1.335s] Level 5:colcon.colcon_core.verb:set package 'wall_follower' build argument 'cmake_clean_first' from command line to 'False'
[1.335s] Level 5:colcon.colcon_core.verb:set package 'wall_follower' build argument 'cmake_force_configure' from command line to 'False'
[1.336s] Level 5:colcon.colcon_core.verb:set package 'wall_follower' build argument 'ament_cmake_args' from command line to 'None'
[1.336s] Level 5:colcon.colcon_core.verb:set package 'wall_follower' build argument 'catkin_cmake_args' from command line to 'None'
[1.336s] Level 5:colcon.colcon_core.verb:set package 'wall_follower' build argument 'catkin_skip_building_tests' from command line to 'False'
[1.336s] DEBUG:colcon.colcon_core.verb:Building package 'wall_follower' with the following arguments: {'ament_cmake_args': None, 'build_base': '/work/ros2_ws/build/wall_follower', 'catkin_cmake_args': None, 'catkin_skip_building_tests': False, 'cmake_args': None, 'cmake_clean_cache': False, 'cmake_clean_first': False, 'cmake_force_configure': False, 'cmake_target': None, 'cmake_target_skip_unavailable': False, 'install_base': '/work/ros2_ws/install/wall_follower', 'merge_install': False, 'path': '/work/ros2_ws/src/wall_follower', 'symlink_install': False, 'test_result_base': None}
[1.337s] INFO:colcon.colcon_core.executor:Executing jobs using 'parallel' executor
[1.338s] DEBUG:colcon.colcon_parallel_executor.executor.parallel:run_until_complete
[1.339s] INFO:colcon.colcon_ros.task.ament_cmake.build:Building ROS package in '/work/ros2_ws/src/simple_robot_description' with build type 'ament_cmake'
[1.340s] INFO:colcon.colcon_cmake.task.cmake.build:Building CMake package in '/work/ros2_ws/src/simple_robot_description'
[1.356s] INFO:colcon.colcon_core.plugin_system:Skipping extension 'colcon_core.shell.bat': Not used on non-Windows systems
[1.356s] INFO:colcon.colcon_core.shell:Skip shell extension 'powershell' for command environment: Not usable outside of PowerShell
[1.357s] DEBUG:colcon.colcon_core.shell:Skip shell extension 'dsv' for command environment
[1.501s] INFO:colcon.colcon_ros.task.ament_python.build:Building ROS package in '/work/ros2_ws/src/wall_follower' with build type 'ament_python'
[1.501s] Level 1:colcon.colcon_core.shell:create_environment_hook('wall_follower', 'ament_prefix_path')
[1.502s] INFO:colcon.colcon_core.shell:Creating environment hook '/work/ros2_ws/install/wall_follower/share/wall_follower/hook/ament_prefix_path.ps1'
[1.530s] INFO:colcon.colcon_core.shell:Creating environment descriptor '/work/ros2_ws/install/wall_follower/share/wall_follower/hook/ament_prefix_path.dsv'
[1.567s] INFO:colcon.colcon_core.shell:Creating environment hook '/work/ros2_ws/install/wall_follower/share/wall_follower/hook/ament_prefix_path.sh'
[1.597s] INFO:colcon.colcon_core.shell:Skip shell extension 'powershell' for command environment: Not usable outside of PowerShell
[1.597s] DEBUG:colcon.colcon_core.shell:Skip shell extension 'dsv' for command environment
[1.817s] DEBUG:colcon.colcon_core.event_handler.log_command:Invoking command in '/work/ros2_ws/build/simple_robot_description': CMAKE_PREFIX_PATH=${CMAKE_PREFIX_PATH}:/work/ros2_ws/install/wall_follower:/opt/ros/humble /usr/bin/cmake --build /work/ros2_ws/build/simple_robot_description -- -j20 -l20
[2.963s] INFO:colcon.colcon_core.task.python.build:Building Python package in '/work/ros2_ws/src/wall_follower'
[2.964s] INFO:colcon.colcon_core.shell:Skip shell extension 'powershell' for command environment: Not usable outside of PowerShell
[2.964s] DEBUG:colcon.colcon_core.shell:Skip shell extension 'dsv' for command environment
[3.104s] DEBUG:colcon.colcon_core.event_handler.log_command:Invoked command in '/work/ros2_ws/build/simple_robot_description' returned '0': CMAKE_PREFIX_PATH=${CMAKE_PREFIX_PATH}:/work/ros2_ws/install/wall_follower:/opt/ros/humble /usr/bin/cmake --build /work/ros2_ws/build/simple_robot_description -- -j20 -l20
[3.159s] DEBUG:colcon.colcon_core.event_handler.log_command:Invoking command in '/work/ros2_ws/build/simple_robot_description': CMAKE_PREFIX_PATH=${CMAKE_PREFIX_PATH}:/work/ros2_ws/install/wall_follower:/opt/ros/humble /usr/bin/cmake --install /work/ros2_ws/build/simple_robot_description
[4.419s] Level 1:colcon.colcon_core.environment:create_environment_scripts_only(simple_robot_description)
[4.421s] DEBUG:colcon.colcon_core.event_handler.log_command:Invoked command in '/work/ros2_ws/build/simple_robot_description' returned '0': CMAKE_PREFIX_PATH=${CMAKE_PREFIX_PATH}:/work/ros2_ws/install/wall_follower:/opt/ros/humble /usr/bin/cmake --install /work/ros2_ws/build/simple_robot_description
[4.428s] Level 1:colcon.colcon_core.environment:checking '/work/ros2_ws/install/simple_robot_description' for CMake module files
[4.627s] Level 1:colcon.colcon_core.environment:checking '/work/ros2_ws/install/simple_robot_description' for CMake config files
[4.744s] Level 1:colcon.colcon_core.shell:create_environment_hook('simple_robot_description', 'cmake_prefix_path')
[4.745s] INFO:colcon.colcon_core.shell:Creating environment hook '/work/ros2_ws/install/simple_robot_description/share/simple_robot_description/hook/cmake_prefix_path.ps1'
[4.772s] INFO:colcon.colcon_core.shell:Creating environment descriptor '/work/ros2_ws/install/simple_robot_description/share/simple_robot_description/hook/cmake_prefix_path.dsv'
[4.809s] INFO:colcon.colcon_core.shell:Creating environment hook '/work/ros2_ws/install/simple_robot_description/share/simple_robot_description/hook/cmake_prefix_path.sh'
[4.844s] Level 1:colcon.colcon_core.environment:checking '/work/ros2_ws/install/simple_robot_description/bin'
[4.847s] Level 1:colcon.colcon_core.environment:checking '/work/ros2_ws/install/simple_robot_description/lib/pkgconfig/simple_robot_description.pc'
[4.850s] Level 1:colcon.colcon_core.environment:checking '/work/ros2_ws/install/simple_robot_description/lib/python3.10/site-packages'
[4.852s] Level 1:colcon.colcon_core.environment:checking '/work/ros2_ws/install/simple_robot_description/bin'
[4.854s] INFO:colcon.colcon_core.shell:Creating package script '/work/ros2_ws/install/simple_robot_description/share/simple_robot_description/package.ps1'
[4.876s] INFO:colcon.colcon_core.shell:Creating package descriptor '/work/ros2_ws/install/simple_robot_description/share/simple_robot_description/package.dsv'
[4.909s] INFO:colcon.colcon_core.shell:Creating package script '/work/ros2_ws/install/simple_robot_description/share/simple_robot_description/package.sh'
[4.934s] INFO:colcon.colcon_core.shell:Creating package script '/work/ros2_ws/install/simple_robot_description/share/simple_robot_description/package.bash'
[4.954s] INFO:colcon.colcon_core.shell:Creating package script '/work/ros2_ws/install/simple_robot_description/share/simple_robot_description/package.zsh'
[4.981s] Level 1:colcon.colcon_core.environment:create_file_with_runtime_dependencies(/work/ros2_ws/install/simple_robot_description/share/colcon-core/packages/simple_robot_description)
[5.032s] Level 1:colcon.colcon_core.environment:create_environment_scripts_only(simple_robot_description)
[5.033s] Level 1:colcon.colcon_core.environment:checking '/work/ros2_ws/install/simple_robot_description' for CMake module files
[5.229s] Level 1:colcon.colcon_core.environment:checking '/work/ros2_ws/install/simple_robot_description' for CMake config files
[5.368s] Level 1:colcon.colcon_core.shell:create_environment_hook('simple_robot_description', 'cmake_prefix_path')
[5.369s] INFO:colcon.colcon_core.shell:Creating environment hook '/work/ros2_ws/install/simple_robot_description/share/simple_robot_description/hook/cmake_prefix_path.ps1'
[5.391s] INFO:colcon.colcon_core.shell:Creating environment descriptor '/work/ros2_ws/install/simple_robot_description/share/simple_robot_description/hook/cmake_prefix_path.dsv'
[5.428s] INFO:colcon.colcon_core.shell:Creating environment hook '/work/ros2_ws/install/simple_robot_description/share/simple_robot_description/hook/cmake_prefix_path.sh'
[5.465s] Level 1:colcon.colcon_core.environment:checking '/work/ros2_ws/install/simple_robot_description/bin'
[5.467s] Level 1:colcon.colcon_core.environment:checking '/work/ros2_ws/install/simple_robot_description/lib/pkgconfig/simple_robot_description.pc'
[5.469s] Level 1:colcon.colcon_core.environment:checking '/work/ros2_ws/install/simple_robot_description/lib/python3.10/site-packages'
[5.471s] Level 1:colcon.colcon_core.environment:checking '/work/ros2_ws/install/simple_robot_description/bin'
[5.474s] INFO:colcon.colcon_core.shell:Creating package script '/work/ros2_ws/install/simple_robot_description/share/simple_robot_description/package.ps1'
[5.506s] INFO:colcon.colcon_core.shell:Creating package descriptor '/work/ros2_ws/install/simple_robot_description/share/simple_robot_description/package.dsv'
[5.533s] INFO:colcon.colcon_core.shell:Creating package script '/work/ros2_ws/install/simple_robot_description/share/simple_robot_description/package.sh'
[5.556s] INFO:colcon.colcon_core.shell:Creating package script '/work/ros2_ws/install/simple_robot_description/share/simple_robot_description/package.bash'
[5.583s] INFO:colcon.colcon_core.shell:Creating package script '/work/ros2_ws/install/simple_robot_description/share/simple_robot_description/package.zsh'
[5.617s] Level 1:colcon.colcon_core.environment:create_file_with_runtime_dependencies(/work/ros2_ws/install/simple_robot_description/share/colcon-core/packages/simple_robot_description)
[5.684s] DEBUG:colcon.colcon_core.event_handler.log_command:Invoking command in '/work/ros2_ws/src/wall_follower': PYTHONPATH=/work/ros2_ws/build/wall_follower/prefix_override:/usr/lib/python3/dist-packages/colcon_core/task/python/colcon_distutils_commands:/work/ros2_ws/install/wall_follower/lib/python3.10/site-packages:${PYTHONPATH} /usr/bin/python3 -W ignore:setup.py install is deprecated -W ignore:easy_install command is deprecated setup.py egg_info --egg-base ../../build/wall_follower build --build-base /work/ros2_ws/build/wall_follower/build install --record /work/ros2_ws/build/wall_follower/install.log --single-version-externally-managed install_data
[9.113s] Level 1:colcon.colcon_core.environment:checking '/work/ros2_ws/install/wall_follower' for CMake module files
[9.115s] DEBUG:colcon.colcon_core.event_handler.log_command:Invoked command in '/work/ros2_ws/src/wall_follower' returned '0': PYTHONPATH=/work/ros2_ws/build/wall_follower/prefix_override:/usr/lib/python3/dist-packages/colcon_core/task/python/colcon_distutils_commands:/work/ros2_ws/install/wall_follower/lib/python3.10/site-packages:${PYTHONPATH} /usr/bin/python3 -W ignore:setup.py install is deprecated -W ignore:easy_install command is deprecated setup.py egg_info --egg-base ../../build/wall_follower build --build-base /work/ros2_ws/build/wall_follower/build install --record /work/ros2_ws/build/wall_follower/install.log --single-version-externally-managed install_data
[9.224s] Level 1:colcon.colcon_core.environment:checking '/work/ros2_ws/install/wall_follower' for CMake config files
[9.455s] Level 1:colcon.colcon_core.environment:checking '/work/ros2_ws/install/wall_follower/lib'
[9.464s] Level 1:colcon.colcon_core.environment:checking '/work/ros2_ws/install/wall_follower/bin'
[9.473s] Level 1:colcon.colcon_core.environment:checking '/work/ros2_ws/install/wall_follower/lib/pkgconfig/wall_follower.pc'
[9.477s] Level 1:colcon.colcon_core.environment:checking '/work/ros2_ws/install/wall_follower/lib/python3.10/site-packages'
[9.482s] Level 1:colcon.colcon_core.shell:create_environment_hook('wall_follower', 'pythonpath')
[9.483s] INFO:colcon.colcon_core.shell:Creating environment hook '/work/ros2_ws/install/wall_follower/share/wall_follower/hook/pythonpath.ps1'
[9.507s] INFO:colcon.colcon_core.shell:Creating environment descriptor '/work/ros2_ws/install/wall_follower/share/wall_follower/hook/pythonpath.dsv'
[9.548s] INFO:colcon.colcon_core.shell:Creating environment hook '/work/ros2_ws/install/wall_follower/share/wall_follower/hook/pythonpath.sh'
[9.581s] Level 1:colcon.colcon_core.environment:checking '/work/ros2_ws/install/wall_follower/bin'
[9.584s] Level 1:colcon.colcon_core.environment:create_environment_scripts_only(wall_follower)
[9.585s] INFO:colcon.colcon_core.shell:Creating package script '/work/ros2_ws/install/wall_follower/share/wall_follower/package.ps1'
[9.608s] INFO:colcon.colcon_core.shell:Creating package descriptor '/work/ros2_ws/install/wall_follower/share/wall_follower/package.dsv'
[9.640s] INFO:colcon.colcon_core.shell:Creating package script '/work/ros2_ws/install/wall_follower/share/wall_follower/package.sh'
[9.670s] INFO:colcon.colcon_core.shell:Creating package script '/work/ros2_ws/install/wall_follower/share/wall_follower/package.bash'
[9.691s] INFO:colcon.colcon_core.shell:Creating package script '/work/ros2_ws/install/wall_follower/share/wall_follower/package.zsh'
[9.727s] Level 1:colcon.colcon_core.environment:create_file_with_runtime_dependencies(/work/ros2_ws/install/wall_follower/share/colcon-core/packages/wall_follower)
[9.750s] DEBUG:colcon.colcon_parallel_executor.executor.parallel:closing loop
[9.752s] DEBUG:colcon.colcon_parallel_executor.executor.parallel:loop closed
[9.752s] DEBUG:colcon.colcon_parallel_executor.executor.parallel:run_until_complete finished with '0'
[9.753s] DEBUG:colcon.colcon_core.event_reactor:joining thread
[9.815s] INFO:colcon.colcon_core.plugin_system:Skipping extension 'colcon_notification.desktop_notification.notify_send': Could not find 'notify-send'
[9.816s] INFO:colcon.colcon_core.plugin_system:Skipping extension 'colcon_notification.desktop_notification.terminal_notifier': Not used on non-Darwin systems
[9.816s] INFO:colcon.colcon_core.plugin_system:Skipping extension 'colcon_notification.desktop_notification.win32': Not used on non-Windows systems
[9.816s] INFO:colcon.colcon_notification.desktop_notification:Sending desktop notification using 'notify2'
[9.826s] DEBUG:colcon.colcon_notification.desktop_notification.notify2:Failed to initialize notify2: org.freedesktop.DBus.Error.Spawn.ExecFailed: /usr/bin/dbus-launch terminated abnormally without any error message
[9.827s] DEBUG:colcon.colcon_core.event_reactor:joined thread
[9.832s] INFO:colcon.colcon_core.shell:Creating prefix script '/work/ros2_ws/install/local_setup.ps1'
[9.843s] INFO:colcon.colcon_core.shell:Creating prefix util module '/work/ros2_ws/install/_local_setup_util_ps1.py'
[9.861s] INFO:colcon.colcon_core.shell:Creating prefix chain script '/work/ros2_ws/install/setup.ps1'
[9.937s] INFO:colcon.colcon_core.shell:Creating prefix script '/work/ros2_ws/install/local_setup.sh'
[9.954s] INFO:colcon.colcon_core.shell:Creating prefix util module '/work/ros2_ws/install/_local_setup_util_sh.py'
[9.964s] INFO:colcon.colcon_core.shell:Creating prefix chain script '/work/ros2_ws/install/setup.sh'
[10.016s] INFO:colcon.colcon_core.shell:Creating prefix script '/work/ros2_ws/install/local_setup.bash'
[10.035s] INFO:colcon.colcon_core.shell:Creating prefix chain script '/work/ros2_ws/install/setup.bash'
[10.081s] INFO:colcon.colcon_core.shell:Creating prefix script '/work/ros2_ws/install/local_setup.zsh'
[10.093s] INFO:colcon.colcon_core.shell:Creating prefix chain script '/work/ros2_ws/install/setup.zsh'
