[3.886s] Invoking command in '/work/ros2_ws/src/wall_follower': PYTHONPATH=/work/ros2_ws/build/wall_follower/prefix_override:/usr/lib/python3/dist-packages/colcon_core/task/python/colcon_distutils_commands:/work/ros2_ws/install/wall_follower/lib/python3.10/site-packages:${PYTHONPATH} /usr/bin/python3 -W ignore:setup.py install is deprecated -W ignore:easy_install command is deprecated setup.py egg_info --egg-base ../../build/wall_follower build --build-base /work/ros2_ws/build/wall_follower/build install --record /work/ros2_ws/build/wall_follower/install.log --single-version-externally-managed install_data
[5.349s] running egg_info
[5.357s] creating ../../build/wall_follower/wall_follower.egg-info
[5.371s] writing ../../build/wall_follower/wall_follower.egg-info/PKG-INFO
[5.392s] writing dependency_links to ../../build/wall_follower/wall_follower.egg-info/dependency_links.txt
[5.404s] writing entry points to ../../build/wall_follower/wall_follower.egg-info/entry_points.txt
[5.414s] writing requirements to ../../build/wall_follower/wall_follower.egg-info/requires.txt
[5.420s] writing top-level names to ../../build/wall_follower/wall_follower.egg-info/top_level.txt
[5.435s] writing manifest file '../../build/wall_follower/wall_follower.egg-info/SOURCES.txt'
[5.507s] reading manifest file '../../build/wall_follower/wall_follower.egg-info/SOURCES.txt'
[5.635s] writing manifest file '../../build/wall_follower/wall_follower.egg-info/SOURCES.txt'
[5.641s] running build
[5.650s] running build_py
[5.657s] creating /work/ros2_ws/build/wall_follower/build
[5.660s] creating /work/ros2_ws/build/wall_follower/build/lib
[5.667s] creating /work/ros2_ws/build/wall_follower/build/lib/wall_follower
[5.687s] copying wall_follower/wall_follower_node.py -> /work/ros2_ws/build/wall_follower/build/lib/wall_follower
[5.753s] copying wall_follower/__init__.py -> /work/ros2_ws/build/wall_follower/build/lib/wall_follower
[5.778s] running install
[5.784s] running install_lib
[5.836s] creating /work/ros2_ws/install/wall_follower/lib/python3.10/site-packages/wall_follower
[5.880s] copying /work/ros2_ws/build/wall_follower/build/lib/wall_follower/wall_follower_node.py -> /work/ros2_ws/install/wall_follower/lib/python3.10/site-packages/wall_follower
[5.960s] copying /work/ros2_ws/build/wall_follower/build/lib/wall_follower/__init__.py -> /work/ros2_ws/install/wall_follower/lib/python3.10/site-packages/wall_follower
[6.045s] byte-compiling /work/ros2_ws/install/wall_follower/lib/python3.10/site-packages/wall_follower/wall_follower_node.py to wall_follower_node.cpython-310.pyc
[6.148s] byte-compiling /work/ros2_ws/install/wall_follower/lib/python3.10/site-packages/wall_follower/__init__.py to __init__.cpython-310.pyc
[6.220s] running install_data
[6.237s] creating /work/ros2_ws/install/wall_follower/share/ament_index
[6.241s] creating /work/ros2_ws/install/wall_follower/share/ament_index/resource_index
[6.245s] creating /work/ros2_ws/install/wall_follower/share/ament_index/resource_index/packages
[6.275s] copying resource/wall_follower -> /work/ros2_ws/install/wall_follower/share/ament_index/resource_index/packages
[6.330s] copying package.xml -> /work/ros2_ws/install/wall_follower/share/wall_follower
[6.367s] running install_egg_info
[6.402s] Copying ../../build/wall_follower/wall_follower.egg-info to /work/ros2_ws/install/wall_follower/lib/python3.10/site-packages/wall_follower-0.0.0-py3.10.egg-info
[6.997s] running install_scripts
[7.153s] Installing wall_follower_node script to /work/ros2_ws/install/wall_follower/lib/wall_follower
[7.182s] writing list of installed files to '/work/ros2_ws/build/wall_follower/install.log'
[7.225s] Invoked command in '/work/ros2_ws/src/wall_follower' returned '0': PYTHONPATH=/work/ros2_ws/build/wall_follower/prefix_override:/usr/lib/python3/dist-packages/colcon_core/task/python/colcon_distutils_commands:/work/ros2_ws/install/wall_follower/lib/python3.10/site-packages:${PYTHONPATH} /usr/bin/python3 -W ignore:setup.py install is deprecated -W ignore:easy_install command is deprecated setup.py egg_info --egg-base ../../build/wall_follower build --build-base /work/ros2_ws/build/wall_follower/build install --record /work/ros2_ws/build/wall_follower/install.log --single-version-externally-managed install_data
