[4.129s] Invoking command in '/work/ros2_ws/src/scan_filter': PYTHONPATH=/work/ros2_ws/build/scan_filter/prefix_override:/usr/lib/python3/dist-packages/colcon_core/task/python/colcon_distutils_commands:/work/ros2_ws/install/scan_filter/lib/python3.10/site-packages:${PYTHONPATH} /usr/bin/python3 -W ignore:setup.py install is deprecated -W ignore:easy_install command is deprecated setup.py egg_info --egg-base ../../build/scan_filter build --build-base /work/ros2_ws/build/scan_filter/build install --record /work/ros2_ws/build/scan_filter/install.log --single-version-externally-managed install_data
[5.721s] running egg_info
[5.742s] writing ../../build/scan_filter/scan_filter.egg-info/PKG-INFO
[5.758s] writing dependency_links to ../../build/scan_filter/scan_filter.egg-info/dependency_links.txt
[5.772s] writing entry points to ../../build/scan_filter/scan_filter.egg-info/entry_points.txt
[5.788s] writing requirements to ../../build/scan_filter/scan_filter.egg-info/requires.txt
[5.793s] writing top-level names to ../../build/scan_filter/scan_filter.egg-info/top_level.txt
[5.881s] reading manifest file '../../build/scan_filter/scan_filter.egg-info/SOURCES.txt'
[6.042s] writing manifest file '../../build/scan_filter/scan_filter.egg-info/SOURCES.txt'
[6.047s] running build
[6.049s] running build_py
[6.121s] running install
[6.122s] running install_lib
[6.344s] running install_data
[6.401s] running install_egg_info
[6.425s] removing '/work/ros2_ws/install/scan_filter/lib/python3.10/site-packages/scan_filter-0.0.0-py3.10.egg-info' (and everything under it)
[6.559s] Copying ../../build/scan_filter/scan_filter.egg-info to /work/ros2_ws/install/scan_filter/lib/python3.10/site-packages/scan_filter-0.0.0-py3.10.egg-info
[7.127s] running install_scripts
[7.291s] Installing scan_filter_node script to /work/ros2_ws/install/scan_filter/lib/scan_filter
[7.312s] writing list of installed files to '/work/ros2_ws/build/scan_filter/install.log'
[7.358s] Invoked command in '/work/ros2_ws/src/scan_filter' returned '0': PYTHONPATH=/work/ros2_ws/build/scan_filter/prefix_override:/usr/lib/python3/dist-packages/colcon_core/task/python/colcon_distutils_commands:/work/ros2_ws/install/scan_filter/lib/python3.10/site-packages:${PYTHONPATH} /usr/bin/python3 -W ignore:setup.py install is deprecated -W ignore:easy_install command is deprecated setup.py egg_info --egg-base ../../build/scan_filter build --build-base /work/ros2_ws/build/scan_filter/build install --record /work/ros2_ws/build/scan_filter/install.log --single-version-externally-managed install_data
