[0.588s] DEBUG:colcon:Command line arguments: ['/usr/bin/colcon', 'build']
[0.589s] DEBUG:colcon:Parsed command line arguments: Namespace(log_base=None, log_level=None, verb_name='build', build_base='build', install_base='install', merge_install=False, symlink_install=False, test_result_base=None, continue_on_error=False, executor='parallel', parallel_workers=20, event_handlers=None, ignore_user_meta=False, metas=['./colcon.meta'], base_paths=['.'], packages_ignore=None, packages_ignore_regex=None, paths=None, packages_up_to=None, packages_up_to_regex=None, packages_above=None, packages_above_and_dependencies=None, packages_above_depth=None, packages_select_by_dep=None, packages_skip_by_dep=None, packages_skip_up_to=None, packages_select_build_failed=False, packages_skip_build_finished=False, packages_select_test_failures=False, packages_skip_test_passed=False, packages_select=None, packages_skip=None, packages_select_regex=None, packages_skip_regex=None, packages_start=None, packages_end=None, cmake_args=None, cmake_target=None, cmake_target_skip_unavailable=False, cmake_clean_cache=False, cmake_clean_first=False, cmake_force_configure=False, ament_cmake_args=None, catkin_cmake_args=None, catkin_skip_building_tests=False, mixin_files=None, mixin=None, verb_parser=<colcon_mixin.mixin.mixin_argument.MixinArgumentDecorator object at 0x74c2c2d83a00>, verb_extension=<colcon_core.verb.build.BuildVerb object at 0x74c2c2d83550>, main=<bound method BuildVerb.main of <colcon_core.verb.build.BuildVerb object at 0x74c2c2d83550>>, mixin_verb=('build',))
[0.995s] Level 1:colcon.colcon_core.package_discovery:discover_packages(colcon_meta) check parameters
[0.997s] INFO:colcon.colcon_metadata.package_discovery.colcon_meta:Using configuration from '/root/.colcon/metadata/default/Gazebo.meta'
[0.998s] INFO:colcon.colcon_metadata.package_discovery.colcon_meta:Using configuration from '/root/.colcon/metadata/default/fastdds.meta'
[0.999s] INFO:colcon.colcon_metadata.package_discovery.colcon_meta:Using configuration from '/root/.colcon/metadata/default/fastrtps.meta'
[0.999s] Level 1:colcon.colcon_core.package_discovery:discover_packages(recursive) check parameters
[1.000s] Level 1:colcon.colcon_core.package_discovery:discover_packages(ignore) check parameters
[1.000s] Level 1:colcon.colcon_core.package_discovery:discover_packages(path) check parameters
[1.000s] Level 1:colcon.colcon_core.package_discovery:discover_packages(colcon_meta) discover
[1.000s] Level 1:colcon.colcon_core.package_discovery:discover_packages(recursive) discover
[1.001s] INFO:colcon.colcon_core.package_discovery:Crawling recursively for packages in '/work/ros2_ws'
[1.003s] Level 1:colcon.colcon_core.package_identification:_identify(.) by extensions ['ignore', 'ignore_ament_install']
[1.004s] Level 1:colcon.colcon_core.package_identification:_identify(.) by extension 'ignore'
[1.004s] Level 1:colcon.colcon_core.package_identification:_identify(.) by extension 'ignore_ament_install'
[1.009s] Level 1:colcon.colcon_core.package_identification:_identify(.) by extensions ['colcon_pkg']
[1.009s] Level 1:colcon.colcon_core.package_identification:_identify(.) by extension 'colcon_pkg'
[1.010s] Level 1:colcon.colcon_core.package_identification:_identify(.) by extensions ['colcon_meta']
[1.010s] Level 1:colcon.colcon_core.package_identification:_identify(.) by extension 'colcon_meta'
[1.011s] Level 1:colcon.colcon_core.package_identification:_identify(.) by extensions ['ros']
[1.011s] Level 1:colcon.colcon_core.package_identification:_identify(.) by extension 'ros'
[1.033s] Level 1:colcon.colcon_core.package_identification:_identify(.) by extensions ['cmake', 'python']
[1.034s] Level 1:colcon.colcon_core.package_identification:_identify(.) by extension 'cmake'
[1.035s] Level 1:colcon.colcon_core.package_identification:_identify(.) by extension 'python'
[1.036s] Level 1:colcon.colcon_core.package_identification:_identify(.) by extensions ['python_setup_py']
[1.036s] Level 1:colcon.colcon_core.package_identification:_identify(.) by extension 'python_setup_py'
[1.040s] Level 1:colcon.colcon_core.package_identification:_identify(build) by extensions ['ignore', 'ignore_ament_install']
[1.041s] Level 1:colcon.colcon_core.package_identification:_identify(build) by extension 'ignore'
[1.045s] Level 1:colcon.colcon_core.package_identification:_identify(build) ignored
[1.050s] Level 1:colcon.colcon_core.package_identification:_identify(install) by extensions ['ignore', 'ignore_ament_install']
[1.051s] Level 1:colcon.colcon_core.package_identification:_identify(install) by extension 'ignore'
[1.054s] Level 1:colcon.colcon_core.package_identification:_identify(install) ignored
[1.072s] Level 1:colcon.colcon_core.package_identification:_identify(log) by extensions ['ignore', 'ignore_ament_install']
[1.074s] Level 1:colcon.colcon_core.package_identification:_identify(log) by extension 'ignore'
[1.080s] Level 1:colcon.colcon_core.package_identification:_identify(log) ignored
[1.085s] Level 1:colcon.colcon_core.package_identification:_identify(src) by extensions ['ignore', 'ignore_ament_install']
[1.085s] Level 1:colcon.colcon_core.package_identification:_identify(src) by extension 'ignore'
[1.087s] Level 1:colcon.colcon_core.package_identification:_identify(src) by extension 'ignore_ament_install'
[1.089s] Level 1:colcon.colcon_core.package_identification:_identify(src) by extensions ['colcon_pkg']
[1.090s] Level 1:colcon.colcon_core.package_identification:_identify(src) by extension 'colcon_pkg'
[1.091s] Level 1:colcon.colcon_core.package_identification:_identify(src) by extensions ['colcon_meta']
[1.091s] Level 1:colcon.colcon_core.package_identification:_identify(src) by extension 'colcon_meta'
[1.093s] Level 1:colcon.colcon_core.package_identification:_identify(src) by extensions ['ros']
[1.093s] Level 1:colcon.colcon_core.package_identification:_identify(src) by extension 'ros'
[1.101s] Level 1:colcon.colcon_core.package_identification:_identify(src) by extensions ['cmake', 'python']
[1.101s] Level 1:colcon.colcon_core.package_identification:_identify(src) by extension 'cmake'
[1.102s] Level 1:colcon.colcon_core.package_identification:_identify(src) by extension 'python'
[1.104s] Level 1:colcon.colcon_core.package_identification:_identify(src) by extensions ['python_setup_py']
[1.104s] Level 1:colcon.colcon_core.package_identification:_identify(src) by extension 'python_setup_py'
[1.112s] Level 1:colcon.colcon_core.package_identification:_identify(src/simple_robot_description) by extensions ['ignore', 'ignore_ament_install']
[1.112s] Level 1:colcon.colcon_core.package_identification:_identify(src/simple_robot_description) by extension 'ignore'
[1.115s] Level 1:colcon.colcon_core.package_identification:_identify(src/simple_robot_description) by extension 'ignore_ament_install'
[1.119s] Level 1:colcon.colcon_core.package_identification:_identify(src/simple_robot_description) by extensions ['colcon_pkg']
[1.121s] Level 1:colcon.colcon_core.package_identification:_identify(src/simple_robot_description) by extension 'colcon_pkg'
[1.124s] Level 1:colcon.colcon_core.package_identification:_identify(src/simple_robot_description) by extensions ['colcon_meta']
[1.125s] Level 1:colcon.colcon_core.package_identification:_identify(src/simple_robot_description) by extension 'colcon_meta'
[1.128s] Level 1:colcon.colcon_core.package_identification:_identify(src/simple_robot_description) by extensions ['ros']
[1.129s] Level 1:colcon.colcon_core.package_identification:_identify(src/simple_robot_description) by extension 'ros'
[1.167s] DEBUG:colcon.colcon_core.package_identification:Package 'src/simple_robot_description' with type 'ros.ament_cmake' and name 'simple_robot_description'
[1.174s] Level 1:colcon.colcon_core.package_identification:_identify(src/wall_follower) by extensions ['ignore', 'ignore_ament_install']
[1.174s] Level 1:colcon.colcon_core.package_identification:_identify(src/wall_follower) by extension 'ignore'
[1.179s] Level 1:colcon.colcon_core.package_identification:_identify(src/wall_follower) by extension 'ignore_ament_install'
[1.183s] Level 1:colcon.colcon_core.package_identification:_identify(src/wall_follower) by extensions ['colcon_pkg']
[1.183s] Level 1:colcon.colcon_core.package_identification:_identify(src/wall_follower) by extension 'colcon_pkg'
[1.187s] Level 1:colcon.colcon_core.package_identification:_identify(src/wall_follower) by extensions ['colcon_meta']
[1.187s] Level 1:colcon.colcon_core.package_identification:_identify(src/wall_follower) by extension 'colcon_meta'
[1.190s] Level 1:colcon.colcon_core.package_identification:_identify(src/wall_follower) by extensions ['ros']
[1.190s] Level 1:colcon.colcon_core.package_identification:_identify(src/wall_follower) by extension 'ros'
[1.224s] DEBUG:colcon.colcon_core.package_identification:Package 'src/wall_follower' with type 'ros.ament_python' and name 'wall_follower'
[1.225s] Level 1:colcon.colcon_core.package_discovery:discover_packages(recursive) using defaults
[1.225s] Level 1:colcon.colcon_core.package_discovery:discover_packages(ignore) discover
[1.225s] Level 1:colcon.colcon_core.package_discovery:discover_packages(ignore) using defaults
[1.226s] Level 1:colcon.colcon_core.package_discovery:discover_packages(path) discover
[1.226s] Level 1:colcon.colcon_core.package_discovery:discover_packages(path) using defaults
[1.344s] Level 5:colcon.colcon_core.verb:set package 'simple_robot_description' build argument 'cmake_args' from command line to 'None'
[1.345s] Level 5:colcon.colcon_core.verb:set package 'simple_robot_description' build argument 'cmake_target' from command line to 'None'
[1.352s] Level 5:colcon.colcon_core.verb:set package 'simple_robot_description' build argument 'cmake_target_skip_unavailable' from command line to 'False'
[1.353s] Level 5:colcon.colcon_core.verb:set package 'simple_robot_description' build argument 'cmake_clean_cache' from command line to 'False'
[1.353s] Level 5:colcon.colcon_core.verb:set package 'simple_robot_description' build argument 'cmake_clean_first' from command line to 'False'
[1.354s] Level 5:colcon.colcon_core.verb:set package 'simple_robot_description' build argument 'cmake_force_configure' from command line to 'False'
[1.354s] Level 5:colcon.colcon_core.verb:set package 'simple_robot_description' build argument 'ament_cmake_args' from command line to 'None'
[1.354s] Level 5:colcon.colcon_core.verb:set package 'simple_robot_description' build argument 'catkin_cmake_args' from command line to 'None'
[1.355s] Level 5:colcon.colcon_core.verb:set package 'simple_robot_description' build argument 'catkin_skip_building_tests' from command line to 'False'
[1.355s] DEBUG:colcon.colcon_core.verb:Building package 'simple_robot_description' with the following arguments: {'ament_cmake_args': None, 'build_base': '/work/ros2_ws/build/simple_robot_description', 'catkin_cmake_args': None, 'catkin_skip_building_tests': False, 'cmake_args': None, 'cmake_clean_cache': False, 'cmake_clean_first': False, 'cmake_force_configure': False, 'cmake_target': None, 'cmake_target_skip_unavailable': False, 'install_base': '/work/ros2_ws/install/simple_robot_description', 'merge_install': False, 'path': '/work/ros2_ws/src/simple_robot_description', 'symlink_install': False, 'test_result_base': None}
[1.356s] Level 5:colcon.colcon_core.verb:set package 'wall_follower' build argument 'cmake_args' from command line to 'None'
[1.356s] Level 5:colcon.colcon_core.verb:set package 'wall_follower' build argument 'cmake_target' from command line to 'None'
[1.357s] Level 5:colcon.colcon_core.verb:set package 'wall_follower' build argument 'cmake_target_skip_unavailable' from command line to 'False'
[1.357s] Level 5:colcon.colcon_core.verb:set package 'wall_follower' build argument 'cmake_clean_cache' from command line to 'False'
[1.358s] Level 5:colcon.colcon_core.verb:set package 'wall_follower' build argument 'cmake_clean_first' from command line to 'False'
[1.358s] Level 5:colcon.colcon_core.verb:set package 'wall_follower' build argument 'cmake_force_configure' from command line to 'False'
[1.358s] Level 5:colcon.colcon_core.verb:set package 'wall_follower' build argument 'ament_cmake_args' from command line to 'None'
[1.359s] Level 5:colcon.colcon_core.verb:set package 'wall_follower' build argument 'catkin_cmake_args' from command line to 'None'
[1.359s] Level 5:colcon.colcon_core.verb:set package 'wall_follower' build argument 'catkin_skip_building_tests' from command line to 'False'
[1.360s] DEBUG:colcon.colcon_core.verb:Building package 'wall_follower' with the following arguments: {'ament_cmake_args': None, 'build_base': '/work/ros2_ws/build/wall_follower', 'catkin_cmake_args': None, 'catkin_skip_building_tests': False, 'cmake_args': None, 'cmake_clean_cache': False, 'cmake_clean_first': False, 'cmake_force_configure': False, 'cmake_target': None, 'cmake_target_skip_unavailable': False, 'install_base': '/work/ros2_ws/install/wall_follower', 'merge_install': False, 'path': '/work/ros2_ws/src/wall_follower', 'symlink_install': False, 'test_result_base': None}
[1.361s] INFO:colcon.colcon_core.executor:Executing jobs using 'parallel' executor
[1.363s] DEBUG:colcon.colcon_parallel_executor.executor.parallel:run_until_complete
[1.363s] INFO:colcon.colcon_ros.task.ament_cmake.build:Building ROS package in '/work/ros2_ws/src/simple_robot_description' with build type 'ament_cmake'
[1.364s] INFO:colcon.colcon_cmake.task.cmake.build:Building CMake package in '/work/ros2_ws/src/simple_robot_description'
[1.382s] INFO:colcon.colcon_core.plugin_system:Skipping extension 'colcon_core.shell.bat': Not used on non-Windows systems
[1.382s] INFO:colcon.colcon_core.shell:Skip shell extension 'powershell' for command environment: Not usable outside of PowerShell
[1.384s] DEBUG:colcon.colcon_core.shell:Skip shell extension 'dsv' for command environment
[1.518s] INFO:colcon.colcon_ros.task.ament_python.build:Building ROS package in '/work/ros2_ws/src/wall_follower' with build type 'ament_python'
[1.518s] Level 1:colcon.colcon_core.shell:create_environment_hook('wall_follower', 'ament_prefix_path')
[1.521s] INFO:colcon.colcon_core.shell:Creating environment hook '/work/ros2_ws/install/wall_follower/share/wall_follower/hook/ament_prefix_path.ps1'
[1.554s] INFO:colcon.colcon_core.shell:Creating environment descriptor '/work/ros2_ws/install/wall_follower/share/wall_follower/hook/ament_prefix_path.dsv'
[1.583s] INFO:colcon.colcon_core.shell:Creating environment hook '/work/ros2_ws/install/wall_follower/share/wall_follower/hook/ament_prefix_path.sh'
[1.612s] INFO:colcon.colcon_core.shell:Skip shell extension 'powershell' for command environment: Not usable outside of PowerShell
[1.612s] DEBUG:colcon.colcon_core.shell:Skip shell extension 'dsv' for command environment
[1.828s] DEBUG:colcon.colcon_core.event_handler.log_command:Invoking command in '/work/ros2_ws/build/simple_robot_description': CMAKE_PREFIX_PATH=${CMAKE_PREFIX_PATH}:/work/ros2_ws/install/wall_follower:/opt/ros/humble /usr/bin/cmake --build /work/ros2_ws/build/simple_robot_description -- -j20 -l20
[3.003s] INFO:colcon.colcon_core.task.python.build:Building Python package in '/work/ros2_ws/src/wall_follower'
[3.007s] INFO:colcon.colcon_core.shell:Skip shell extension 'powershell' for command environment: Not usable outside of PowerShell
[3.007s] DEBUG:colcon.colcon_core.shell:Skip shell extension 'dsv' for command environment
[3.145s] DEBUG:colcon.colcon_core.event_handler.log_command:Invoked command in '/work/ros2_ws/build/simple_robot_description' returned '0': CMAKE_PREFIX_PATH=${CMAKE_PREFIX_PATH}:/work/ros2_ws/install/wall_follower:/opt/ros/humble /usr/bin/cmake --build /work/ros2_ws/build/simple_robot_description -- -j20 -l20
[3.209s] DEBUG:colcon.colcon_core.event_handler.log_command:Invoking command in '/work/ros2_ws/build/simple_robot_description': CMAKE_PREFIX_PATH=${CMAKE_PREFIX_PATH}:/work/ros2_ws/install/wall_follower:/opt/ros/humble /usr/bin/cmake --install /work/ros2_ws/build/simple_robot_description
[4.565s] Level 1:colcon.colcon_core.environment:create_environment_scripts_only(simple_robot_description)
[4.567s] DEBUG:colcon.colcon_core.event_handler.log_command:Invoked command in '/work/ros2_ws/build/simple_robot_description' returned '0': CMAKE_PREFIX_PATH=${CMAKE_PREFIX_PATH}:/work/ros2_ws/install/wall_follower:/opt/ros/humble /usr/bin/cmake --install /work/ros2_ws/build/simple_robot_description
[4.572s] Level 1:colcon.colcon_core.environment:checking '/work/ros2_ws/install/simple_robot_description' for CMake module files
[4.767s] Level 1:colcon.colcon_core.environment:checking '/work/ros2_ws/install/simple_robot_description' for CMake config files
[4.899s] Level 1:colcon.colcon_core.shell:create_environment_hook('simple_robot_description', 'cmake_prefix_path')
[4.900s] INFO:colcon.colcon_core.shell:Creating environment hook '/work/ros2_ws/install/simple_robot_description/share/simple_robot_description/hook/cmake_prefix_path.ps1'
[4.943s] INFO:colcon.colcon_core.shell:Creating environment descriptor '/work/ros2_ws/install/simple_robot_description/share/simple_robot_description/hook/cmake_prefix_path.dsv'
[4.969s] INFO:colcon.colcon_core.shell:Creating environment hook '/work/ros2_ws/install/simple_robot_description/share/simple_robot_description/hook/cmake_prefix_path.sh'
[5.018s] Level 1:colcon.colcon_core.environment:checking '/work/ros2_ws/install/simple_robot_description/bin'
[5.021s] Level 1:colcon.colcon_core.environment:checking '/work/ros2_ws/install/simple_robot_description/lib/pkgconfig/simple_robot_description.pc'
[5.025s] Level 1:colcon.colcon_core.environment:checking '/work/ros2_ws/install/simple_robot_description/lib/python3.10/site-packages'
[5.029s] Level 1:colcon.colcon_core.environment:checking '/work/ros2_ws/install/simple_robot_description/bin'
[5.031s] INFO:colcon.colcon_core.shell:Creating package script '/work/ros2_ws/install/simple_robot_description/share/simple_robot_description/package.ps1'
[5.064s] INFO:colcon.colcon_core.shell:Creating package descriptor '/work/ros2_ws/install/simple_robot_description/share/simple_robot_description/package.dsv'
[5.083s] INFO:colcon.colcon_core.shell:Creating package script '/work/ros2_ws/install/simple_robot_description/share/simple_robot_description/package.sh'
[5.114s] INFO:colcon.colcon_core.shell:Creating package script '/work/ros2_ws/install/simple_robot_description/share/simple_robot_description/package.bash'
[5.140s] INFO:colcon.colcon_core.shell:Creating package script '/work/ros2_ws/install/simple_robot_description/share/simple_robot_description/package.zsh'
[5.159s] Level 1:colcon.colcon_core.environment:create_file_with_runtime_dependencies(/work/ros2_ws/install/simple_robot_description/share/colcon-core/packages/simple_robot_description)
[5.222s] Level 1:colcon.colcon_core.environment:create_environment_scripts_only(simple_robot_description)
[5.223s] Level 1:colcon.colcon_core.environment:checking '/work/ros2_ws/install/simple_robot_description' for CMake module files
[5.421s] Level 1:colcon.colcon_core.environment:checking '/work/ros2_ws/install/simple_robot_description' for CMake config files
[5.545s] Level 1:colcon.colcon_core.shell:create_environment_hook('simple_robot_description', 'cmake_prefix_path')
[5.546s] INFO:colcon.colcon_core.shell:Creating environment hook '/work/ros2_ws/install/simple_robot_description/share/simple_robot_description/hook/cmake_prefix_path.ps1'
[5.585s] INFO:colcon.colcon_core.shell:Creating environment descriptor '/work/ros2_ws/install/simple_robot_description/share/simple_robot_description/hook/cmake_prefix_path.dsv'
[5.609s] INFO:colcon.colcon_core.shell:Creating environment hook '/work/ros2_ws/install/simple_robot_description/share/simple_robot_description/hook/cmake_prefix_path.sh'
[5.657s] Level 1:colcon.colcon_core.environment:checking '/work/ros2_ws/install/simple_robot_description/bin'
[5.660s] Level 1:colcon.colcon_core.environment:checking '/work/ros2_ws/install/simple_robot_description/lib/pkgconfig/simple_robot_description.pc'
[5.663s] Level 1:colcon.colcon_core.environment:checking '/work/ros2_ws/install/simple_robot_description/lib/python3.10/site-packages'
[5.666s] Level 1:colcon.colcon_core.environment:checking '/work/ros2_ws/install/simple_robot_description/bin'
[5.669s] INFO:colcon.colcon_core.shell:Creating package script '/work/ros2_ws/install/simple_robot_description/share/simple_robot_description/package.ps1'
[5.694s] INFO:colcon.colcon_core.shell:Creating package descriptor '/work/ros2_ws/install/simple_robot_description/share/simple_robot_description/package.dsv'
[5.721s] INFO:colcon.colcon_core.shell:Creating package script '/work/ros2_ws/install/simple_robot_description/share/simple_robot_description/package.sh'
[5.755s] INFO:colcon.colcon_core.shell:Creating package script '/work/ros2_ws/install/simple_robot_description/share/simple_robot_description/package.bash'
[5.775s] INFO:colcon.colcon_core.shell:Creating package script '/work/ros2_ws/install/simple_robot_description/share/simple_robot_description/package.zsh'
[5.797s] Level 1:colcon.colcon_core.environment:create_file_with_runtime_dependencies(/work/ros2_ws/install/simple_robot_description/share/colcon-core/packages/simple_robot_description)
[5.867s] DEBUG:colcon.colcon_core.event_handler.log_command:Invoking command in '/work/ros2_ws/src/wall_follower': PYTHONPATH=/work/ros2_ws/build/wall_follower/prefix_override:/usr/lib/python3/dist-packages/colcon_core/task/python/colcon_distutils_commands:/work/ros2_ws/install/wall_follower/lib/python3.10/site-packages:${PYTHONPATH} /usr/bin/python3 -W ignore:setup.py install is deprecated -W ignore:easy_install command is deprecated setup.py egg_info --egg-base ../../build/wall_follower build --build-base /work/ros2_ws/build/wall_follower/build install --record /work/ros2_ws/build/wall_follower/install.log --single-version-externally-managed install_data
[9.294s] Level 1:colcon.colcon_core.environment:checking '/work/ros2_ws/install/wall_follower' for CMake module files
[9.296s] DEBUG:colcon.colcon_core.event_handler.log_command:Invoked command in '/work/ros2_ws/src/wall_follower' returned '0': PYTHONPATH=/work/ros2_ws/build/wall_follower/prefix_override:/usr/lib/python3/dist-packages/colcon_core/task/python/colcon_distutils_commands:/work/ros2_ws/install/wall_follower/lib/python3.10/site-packages:${PYTHONPATH} /usr/bin/python3 -W ignore:setup.py install is deprecated -W ignore:easy_install command is deprecated setup.py egg_info --egg-base ../../build/wall_follower build --build-base /work/ros2_ws/build/wall_follower/build install --record /work/ros2_ws/build/wall_follower/install.log --single-version-externally-managed install_data
[9.414s] Level 1:colcon.colcon_core.environment:checking '/work/ros2_ws/install/wall_follower' for CMake config files
[9.595s] Level 1:colcon.colcon_core.environment:checking '/work/ros2_ws/install/wall_follower/lib'
[9.606s] Level 1:colcon.colcon_core.environment:checking '/work/ros2_ws/install/wall_follower/bin'
[9.608s] Level 1:colcon.colcon_core.environment:checking '/work/ros2_ws/install/wall_follower/lib/pkgconfig/wall_follower.pc'
[9.612s] Level 1:colcon.colcon_core.environment:checking '/work/ros2_ws/install/wall_follower/lib/python3.10/site-packages'
[9.616s] Level 1:colcon.colcon_core.shell:create_environment_hook('wall_follower', 'pythonpath')
[9.616s] INFO:colcon.colcon_core.shell:Creating environment hook '/work/ros2_ws/install/wall_follower/share/wall_follower/hook/pythonpath.ps1'
[9.641s] INFO:colcon.colcon_core.shell:Creating environment descriptor '/work/ros2_ws/install/wall_follower/share/wall_follower/hook/pythonpath.dsv'
[9.686s] INFO:colcon.colcon_core.shell:Creating environment hook '/work/ros2_ws/install/wall_follower/share/wall_follower/hook/pythonpath.sh'
[9.714s] Level 1:colcon.colcon_core.environment:checking '/work/ros2_ws/install/wall_follower/bin'
[9.717s] Level 1:colcon.colcon_core.environment:create_environment_scripts_only(wall_follower)
[9.718s] INFO:colcon.colcon_core.shell:Creating package script '/work/ros2_ws/install/wall_follower/share/wall_follower/package.ps1'
[9.751s] INFO:colcon.colcon_core.shell:Creating package descriptor '/work/ros2_ws/install/wall_follower/share/wall_follower/package.dsv'
[9.771s] INFO:colcon.colcon_core.shell:Creating package script '/work/ros2_ws/install/wall_follower/share/wall_follower/package.sh'
[9.802s] INFO:colcon.colcon_core.shell:Creating package script '/work/ros2_ws/install/wall_follower/share/wall_follower/package.bash'
[9.826s] INFO:colcon.colcon_core.shell:Creating package script '/work/ros2_ws/install/wall_follower/share/wall_follower/package.zsh'
[9.848s] Level 1:colcon.colcon_core.environment:create_file_with_runtime_dependencies(/work/ros2_ws/install/wall_follower/share/colcon-core/packages/wall_follower)
[9.867s] DEBUG:colcon.colcon_parallel_executor.executor.parallel:closing loop
[9.868s] DEBUG:colcon.colcon_parallel_executor.executor.parallel:loop closed
[9.869s] DEBUG:colcon.colcon_parallel_executor.executor.parallel:run_until_complete finished with '0'
[9.877s] DEBUG:colcon.colcon_core.event_reactor:joining thread
[9.939s] INFO:colcon.colcon_core.plugin_system:Skipping extension 'colcon_notification.desktop_notification.notify_send': Could not find 'notify-send'
[9.941s] INFO:colcon.colcon_core.plugin_system:Skipping extension 'colcon_notification.desktop_notification.terminal_notifier': Not used on non-Darwin systems
[9.942s] INFO:colcon.colcon_core.plugin_system:Skipping extension 'colcon_notification.desktop_notification.win32': Not used on non-Windows systems
[9.942s] INFO:colcon.colcon_notification.desktop_notification:Sending desktop notification using 'notify2'
[9.947s] DEBUG:colcon.colcon_notification.desktop_notification.notify2:Failed to initialize notify2: org.freedesktop.DBus.Error.Spawn.ExecFailed: /usr/bin/dbus-launch terminated abnormally without any error message
[9.948s] DEBUG:colcon.colcon_core.event_reactor:joined thread
[9.950s] INFO:colcon.colcon_core.shell:Creating prefix script '/work/ros2_ws/install/local_setup.ps1'
[9.966s] INFO:colcon.colcon_core.shell:Creating prefix util module '/work/ros2_ws/install/_local_setup_util_ps1.py'
[9.975s] INFO:colcon.colcon_core.shell:Creating prefix chain script '/work/ros2_ws/install/setup.ps1'
[10.051s] INFO:colcon.colcon_core.shell:Creating prefix script '/work/ros2_ws/install/local_setup.sh'
[10.061s] INFO:colcon.colcon_core.shell:Creating prefix util module '/work/ros2_ws/install/_local_setup_util_sh.py'
[10.070s] INFO:colcon.colcon_core.shell:Creating prefix chain script '/work/ros2_ws/install/setup.sh'
[10.126s] INFO:colcon.colcon_core.shell:Creating prefix script '/work/ros2_ws/install/local_setup.bash'
[10.140s] INFO:colcon.colcon_core.shell:Creating prefix chain script '/work/ros2_ws/install/setup.bash'
[10.188s] INFO:colcon.colcon_core.shell:Creating prefix script '/work/ros2_ws/install/local_setup.zsh'
[10.203s] INFO:colcon.colcon_core.shell:Creating prefix chain script '/work/ros2_ws/install/setup.zsh'
