[0.227s] Invoking command in '/work/ros2_ws/build/simple_robot_description': CMAKE_PREFIX_PATH=${CMAKE_PREFIX_PATH}:/opt/ros/humble /usr/bin/cmake --build /work/ros2_ws/build/simple_robot_description -- -j20 -l20
[0.419s] Invoked command in '/work/ros2_ws/build/simple_robot_description' returned '0': CMAKE_PREFIX_PATH=${CMAKE_PREFIX_PATH}:/opt/ros/humble /usr/bin/cmake --build /work/ros2_ws/build/simple_robot_description -- -j20 -l20
[0.483s] Invoking command in '/work/ros2_ws/build/simple_robot_description': CMAKE_PREFIX_PATH=${CMAKE_PREFIX_PATH}:/opt/ros/humble /usr/bin/cmake --install /work/ros2_ws/build/simple_robot_description
[0.499s] -- Install configuration: ""
[0.523s] -- Up-to-date: /work/ros2_ws/install/simple_robot_description/share/simple_robot_description/urdf
[0.595s] -- Up-to-date: /work/ros2_ws/install/simple_robot_description/share/simple_robot_description/urdf/robot.urdf
[0.637s] -- Up-to-date: /work/ros2_ws/install/simple_robot_description/share/simple_robot_description/launch
[0.704s] -- Up-to-date: /work/ros2_ws/install/simple_robot_description/share/simple_robot_description/launch/display.launch.py
[0.753s] -- Up-to-date: /work/ros2_ws/install/simple_robot_description/share/simple_robot_description/launch/gazebo.launch.py
[0.790s] -- Up-to-date: /work/ros2_ws/install/simple_robot_description/share/simple_robot_description/rviz
[0.860s] -- Up-to-date: /work/ros2_ws/install/simple_robot_description/share/simple_robot_description/rviz/robot.rviz
[0.895s] -- Up-to-date: /work/ros2_ws/install/simple_robot_description/share/simple_robot_description/config
[0.949s] -- Up-to-date: /work/ros2_ws/install/simple_robot_description/share/simple_robot_description/worlds
[1.015s] -- Up-to-date: /work/ros2_ws/install/simple_robot_description/share/simple_robot_description/worlds/simple_world.world
[1.052s] -- Up-to-date: /work/ros2_ws/install/simple_robot_description/share/simple_robot_description/models
[1.152s] -- Up-to-date: /work/ros2_ws/install/simple_robot_description/share/ament_index/resource_index/package_run_dependencies/simple_robot_description
[1.232s] -- Up-to-date: /work/ros2_ws/install/simple_robot_description/share/ament_index/resource_index/parent_prefix_path/simple_robot_description
[1.277s] -- Up-to-date: /work/ros2_ws/install/simple_robot_description/share/simple_robot_description/environment/ament_prefix_path.sh
[1.330s] -- Up-to-date: /work/ros2_ws/install/simple_robot_description/share/simple_robot_description/environment/ament_prefix_path.dsv
[1.366s] -- Up-to-date: /work/ros2_ws/install/simple_robot_description/share/simple_robot_description/environment/path.sh
[1.421s] -- Up-to-date: /work/ros2_ws/install/simple_robot_description/share/simple_robot_description/environment/path.dsv
[1.471s] -- Up-to-date: /work/ros2_ws/install/simple_robot_description/share/simple_robot_description/local_setup.bash
[1.518s] -- Up-to-date: /work/ros2_ws/install/simple_robot_description/share/simple_robot_description/local_setup.sh
[1.566s] -- Up-to-date: /work/ros2_ws/install/simple_robot_description/share/simple_robot_description/local_setup.zsh
[1.621s] -- Up-to-date: /work/ros2_ws/install/simple_robot_description/share/simple_robot_description/local_setup.dsv
[1.669s] -- Installing: /work/ros2_ws/install/simple_robot_description/share/simple_robot_description/package.dsv
[1.854s] -- Up-to-date: /work/ros2_ws/install/simple_robot_description/share/ament_index/resource_index/packages/simple_robot_description
[1.907s] -- Up-to-date: /work/ros2_ws/install/simple_robot_description/share/simple_robot_description/cmake/simple_robot_descriptionConfig.cmake
[1.948s] -- Up-to-date: /work/ros2_ws/install/simple_robot_description/share/simple_robot_description/cmake/simple_robot_descriptionConfig-version.cmake
[2.009s] -- Up-to-date: /work/ros2_ws/install/simple_robot_description/share/simple_robot_description/package.xml
[2.034s] Invoked command in '/work/ros2_ws/build/simple_robot_description' returned '0': CMAKE_PREFIX_PATH=${CMAKE_PREFIX_PATH}:/opt/ros/humble /usr/bin/cmake --install /work/ros2_ws/build/simple_robot_description
