[0.281s] DEBUG:colcon:Command line arguments: ['/usr/bin/colcon', 'build']
[0.282s] DEBUG:colcon:Parsed command line arguments: Namespace(log_base=None, log_level=None, verb_name='build', build_base='build', install_base='install', merge_install=False, symlink_install=False, test_result_base=None, continue_on_error=False, executor='parallel', parallel_workers=20, event_handlers=None, ignore_user_meta=False, metas=['./colcon.meta'], base_paths=['.'], packages_ignore=None, packages_ignore_regex=None, paths=None, packages_up_to=None, packages_up_to_regex=None, packages_above=None, packages_above_and_dependencies=None, packages_above_depth=None, packages_select_by_dep=None, packages_skip_by_dep=None, packages_skip_up_to=None, packages_select_build_failed=False, packages_skip_build_finished=False, packages_select_test_failures=False, packages_skip_test_passed=False, packages_select=None, packages_skip=None, packages_select_regex=None, packages_skip_regex=None, packages_start=None, packages_end=None, cmake_args=None, cmake_target=None, cmake_target_skip_unavailable=False, cmake_clean_cache=False, cmake_clean_first=False, cmake_force_configure=False, ament_cmake_args=None, catkin_cmake_args=None, catkin_skip_building_tests=False, mixin_files=None, mixin=None, verb_parser=<colcon_mixin.mixin.mixin_argument.MixinArgumentDecorator object at 0x7465166df700>, verb_extension=<colcon_core.verb.build.BuildVerb object at 0x7465166df250>, main=<bound method BuildVerb.main of <colcon_core.verb.build.BuildVerb object at 0x7465166df250>>, mixin_verb=('build',))
[0.535s] Level 1:colcon.colcon_core.package_discovery:discover_packages(colcon_meta) check parameters
[0.540s] INFO:colcon.colcon_metadata.package_discovery.colcon_meta:Using configuration from '/root/.colcon/metadata/default/Gazebo.meta'
[0.543s] INFO:colcon.colcon_metadata.package_discovery.colcon_meta:Using configuration from '/root/.colcon/metadata/default/fastdds.meta'
[0.544s] INFO:colcon.colcon_metadata.package_discovery.colcon_meta:Using configuration from '/root/.colcon/metadata/default/fastrtps.meta'
[0.545s] Level 1:colcon.colcon_core.package_discovery:discover_packages(recursive) check parameters
[0.545s] Level 1:colcon.colcon_core.package_discovery:discover_packages(ignore) check parameters
[0.546s] Level 1:colcon.colcon_core.package_discovery:discover_packages(path) check parameters
[0.546s] Level 1:colcon.colcon_core.package_discovery:discover_packages(colcon_meta) discover
[0.546s] Level 1:colcon.colcon_core.package_discovery:discover_packages(recursive) discover
[0.547s] INFO:colcon.colcon_core.package_discovery:Crawling recursively for packages in '/work/ros2_ws'
[0.549s] Level 1:colcon.colcon_core.package_identification:_identify(.) by extensions ['ignore', 'ignore_ament_install']
[0.549s] Level 1:colcon.colcon_core.package_identification:_identify(.) by extension 'ignore'
[0.550s] Level 1:colcon.colcon_core.package_identification:_identify(.) by extension 'ignore_ament_install'
[0.551s] Level 1:colcon.colcon_core.package_identification:_identify(.) by extensions ['colcon_pkg']
[0.551s] Level 1:colcon.colcon_core.package_identification:_identify(.) by extension 'colcon_pkg'
[0.552s] Level 1:colcon.colcon_core.package_identification:_identify(.) by extensions ['colcon_meta']
[0.552s] Level 1:colcon.colcon_core.package_identification:_identify(.) by extension 'colcon_meta'
[0.553s] Level 1:colcon.colcon_core.package_identification:_identify(.) by extensions ['ros']
[0.553s] Level 1:colcon.colcon_core.package_identification:_identify(.) by extension 'ros'
[0.573s] Level 1:colcon.colcon_core.package_identification:_identify(.) by extensions ['cmake', 'python']
[0.573s] Level 1:colcon.colcon_core.package_identification:_identify(.) by extension 'cmake'
[0.574s] Level 1:colcon.colcon_core.package_identification:_identify(.) by extension 'python'
[0.575s] Level 1:colcon.colcon_core.package_identification:_identify(.) by extensions ['python_setup_py']
[0.575s] Level 1:colcon.colcon_core.package_identification:_identify(.) by extension 'python_setup_py'
[0.580s] Level 1:colcon.colcon_core.package_identification:_identify(build) by extensions ['ignore', 'ignore_ament_install']
[0.582s] Level 1:colcon.colcon_core.package_identification:_identify(build) by extension 'ignore'
[0.586s] Level 1:colcon.colcon_core.package_identification:_identify(build) ignored
[0.592s] Level 1:colcon.colcon_core.package_identification:_identify(install) by extensions ['ignore', 'ignore_ament_install']
[0.592s] Level 1:colcon.colcon_core.package_identification:_identify(install) by extension 'ignore'
[0.595s] Level 1:colcon.colcon_core.package_identification:_identify(install) ignored
[0.603s] Level 1:colcon.colcon_core.package_identification:_identify(log) by extensions ['ignore', 'ignore_ament_install']
[0.604s] Level 1:colcon.colcon_core.package_identification:_identify(log) by extension 'ignore'
[0.612s] Level 1:colcon.colcon_core.package_identification:_identify(log) ignored
[0.617s] Level 1:colcon.colcon_core.package_identification:_identify(src) by extensions ['ignore', 'ignore_ament_install']
[0.618s] Level 1:colcon.colcon_core.package_identification:_identify(src) by extension 'ignore'
[0.619s] Level 1:colcon.colcon_core.package_identification:_identify(src) by extension 'ignore_ament_install'
[0.622s] Level 1:colcon.colcon_core.package_identification:_identify(src) by extensions ['colcon_pkg']
[0.622s] Level 1:colcon.colcon_core.package_identification:_identify(src) by extension 'colcon_pkg'
[0.624s] Level 1:colcon.colcon_core.package_identification:_identify(src) by extensions ['colcon_meta']
[0.624s] Level 1:colcon.colcon_core.package_identification:_identify(src) by extension 'colcon_meta'
[0.630s] Level 1:colcon.colcon_core.package_identification:_identify(src) by extensions ['ros']
[0.630s] Level 1:colcon.colcon_core.package_identification:_identify(src) by extension 'ros'
[0.638s] Level 1:colcon.colcon_core.package_identification:_identify(src) by extensions ['cmake', 'python']
[0.639s] Level 1:colcon.colcon_core.package_identification:_identify(src) by extension 'cmake'
[0.640s] Level 1:colcon.colcon_core.package_identification:_identify(src) by extension 'python'
[0.642s] Level 1:colcon.colcon_core.package_identification:_identify(src) by extensions ['python_setup_py']
[0.643s] Level 1:colcon.colcon_core.package_identification:_identify(src) by extension 'python_setup_py'
[0.651s] Level 1:colcon.colcon_core.package_identification:_identify(src/simple_robot_description) by extensions ['ignore', 'ignore_ament_install']
[0.652s] Level 1:colcon.colcon_core.package_identification:_identify(src/simple_robot_description) by extension 'ignore'
[0.654s] Level 1:colcon.colcon_core.package_identification:_identify(src/simple_robot_description) by extension 'ignore_ament_install'
[0.658s] Level 1:colcon.colcon_core.package_identification:_identify(src/simple_robot_description) by extensions ['colcon_pkg']
[0.659s] Level 1:colcon.colcon_core.package_identification:_identify(src/simple_robot_description) by extension 'colcon_pkg'
[0.661s] Level 1:colcon.colcon_core.package_identification:_identify(src/simple_robot_description) by extensions ['colcon_meta']
[0.661s] Level 1:colcon.colcon_core.package_identification:_identify(src/simple_robot_description) by extension 'colcon_meta'
[0.665s] Level 1:colcon.colcon_core.package_identification:_identify(src/simple_robot_description) by extensions ['ros']
[0.666s] Level 1:colcon.colcon_core.package_identification:_identify(src/simple_robot_description) by extension 'ros'
[0.710s] DEBUG:colcon.colcon_core.package_identification:Package 'src/simple_robot_description' with type 'ros.ament_cmake' and name 'simple_robot_description'
[0.718s] Level 1:colcon.colcon_core.package_identification:_identify(src/wall_follower) by extensions ['ignore', 'ignore_ament_install']
[0.718s] Level 1:colcon.colcon_core.package_identification:_identify(src/wall_follower) by extension 'ignore'
[0.721s] Level 1:colcon.colcon_core.package_identification:_identify(src/wall_follower) by extension 'ignore_ament_install'
[0.725s] Level 1:colcon.colcon_core.package_identification:_identify(src/wall_follower) by extensions ['colcon_pkg']
[0.726s] Level 1:colcon.colcon_core.package_identification:_identify(src/wall_follower) by extension 'colcon_pkg'
[0.728s] Level 1:colcon.colcon_core.package_identification:_identify(src/wall_follower) by extensions ['colcon_meta']
[0.728s] Level 1:colcon.colcon_core.package_identification:_identify(src/wall_follower) by extension 'colcon_meta'
[0.732s] Level 1:colcon.colcon_core.package_identification:_identify(src/wall_follower) by extensions ['ros']
[0.732s] Level 1:colcon.colcon_core.package_identification:_identify(src/wall_follower) by extension 'ros'
[0.768s] DEBUG:colcon.colcon_core.package_identification:Package 'src/wall_follower' with type 'ros.ament_python' and name 'wall_follower'
[0.769s] Level 1:colcon.colcon_core.package_discovery:discover_packages(recursive) using defaults
[0.769s] Level 1:colcon.colcon_core.package_discovery:discover_packages(ignore) discover
[0.769s] Level 1:colcon.colcon_core.package_discovery:discover_packages(ignore) using defaults
[0.770s] Level 1:colcon.colcon_core.package_discovery:discover_packages(path) discover
[0.770s] Level 1:colcon.colcon_core.package_discovery:discover_packages(path) using defaults
[0.865s] Level 5:colcon.colcon_core.verb:set package 'simple_robot_description' build argument 'cmake_args' from command line to 'None'
[0.865s] Level 5:colcon.colcon_core.verb:set package 'simple_robot_description' build argument 'cmake_target' from command line to 'None'
[0.866s] Level 5:colcon.colcon_core.verb:set package 'simple_robot_description' build argument 'cmake_target_skip_unavailable' from command line to 'False'
[0.866s] Level 5:colcon.colcon_core.verb:set package 'simple_robot_description' build argument 'cmake_clean_cache' from command line to 'False'
[0.866s] Level 5:colcon.colcon_core.verb:set package 'simple_robot_description' build argument 'cmake_clean_first' from command line to 'False'
[0.867s] Level 5:colcon.colcon_core.verb:set package 'simple_robot_description' build argument 'cmake_force_configure' from command line to 'False'
[0.867s] Level 5:colcon.colcon_core.verb:set package 'simple_robot_description' build argument 'ament_cmake_args' from command line to 'None'
[0.867s] Level 5:colcon.colcon_core.verb:set package 'simple_robot_description' build argument 'catkin_cmake_args' from command line to 'None'
[0.868s] Level 5:colcon.colcon_core.verb:set package 'simple_robot_description' build argument 'catkin_skip_building_tests' from command line to 'False'
[0.868s] DEBUG:colcon.colcon_core.verb:Building package 'simple_robot_description' with the following arguments: {'ament_cmake_args': None, 'build_base': '/work/ros2_ws/build/simple_robot_description', 'catkin_cmake_args': None, 'catkin_skip_building_tests': False, 'cmake_args': None, 'cmake_clean_cache': False, 'cmake_clean_first': False, 'cmake_force_configure': False, 'cmake_target': None, 'cmake_target_skip_unavailable': False, 'install_base': '/work/ros2_ws/install/simple_robot_description', 'merge_install': False, 'path': '/work/ros2_ws/src/simple_robot_description', 'symlink_install': False, 'test_result_base': None}
[0.869s] Level 5:colcon.colcon_core.verb:set package 'wall_follower' build argument 'cmake_args' from command line to 'None'
[0.869s] Level 5:colcon.colcon_core.verb:set package 'wall_follower' build argument 'cmake_target' from command line to 'None'
[0.869s] Level 5:colcon.colcon_core.verb:set package 'wall_follower' build argument 'cmake_target_skip_unavailable' from command line to 'False'
[0.869s] Level 5:colcon.colcon_core.verb:set package 'wall_follower' build argument 'cmake_clean_cache' from command line to 'False'
[0.870s] Level 5:colcon.colcon_core.verb:set package 'wall_follower' build argument 'cmake_clean_first' from command line to 'False'
[0.870s] Level 5:colcon.colcon_core.verb:set package 'wall_follower' build argument 'cmake_force_configure' from command line to 'False'
[0.870s] Level 5:colcon.colcon_core.verb:set package 'wall_follower' build argument 'ament_cmake_args' from command line to 'None'
[0.871s] Level 5:colcon.colcon_core.verb:set package 'wall_follower' build argument 'catkin_cmake_args' from command line to 'None'
[0.871s] Level 5:colcon.colcon_core.verb:set package 'wall_follower' build argument 'catkin_skip_building_tests' from command line to 'False'
[0.871s] DEBUG:colcon.colcon_core.verb:Building package 'wall_follower' with the following arguments: {'ament_cmake_args': None, 'build_base': '/work/ros2_ws/build/wall_follower', 'catkin_cmake_args': None, 'catkin_skip_building_tests': False, 'cmake_args': None, 'cmake_clean_cache': False, 'cmake_clean_first': False, 'cmake_force_configure': False, 'cmake_target': None, 'cmake_target_skip_unavailable': False, 'install_base': '/work/ros2_ws/install/wall_follower', 'merge_install': False, 'path': '/work/ros2_ws/src/wall_follower', 'symlink_install': False, 'test_result_base': None}
[0.872s] INFO:colcon.colcon_core.executor:Executing jobs using 'parallel' executor
[0.874s] DEBUG:colcon.colcon_parallel_executor.executor.parallel:run_until_complete
[0.874s] INFO:colcon.colcon_ros.task.ament_cmake.build:Building ROS package in '/work/ros2_ws/src/simple_robot_description' with build type 'ament_cmake'
[0.875s] INFO:colcon.colcon_cmake.task.cmake.build:Building CMake package in '/work/ros2_ws/src/simple_robot_description'
[0.882s] INFO:colcon.colcon_core.plugin_system:Skipping extension 'colcon_core.shell.bat': Not used on non-Windows systems
[0.882s] INFO:colcon.colcon_core.shell:Skip shell extension 'powershell' for command environment: Not usable outside of PowerShell
[0.883s] DEBUG:colcon.colcon_core.shell:Skip shell extension 'dsv' for command environment
[0.918s] INFO:colcon.colcon_ros.task.ament_python.build:Building ROS package in '/work/ros2_ws/src/wall_follower' with build type 'ament_python'
[0.919s] Level 1:colcon.colcon_core.shell:create_environment_hook('wall_follower', 'ament_prefix_path')
[0.920s] INFO:colcon.colcon_core.shell:Creating environment hook '/work/ros2_ws/install/wall_follower/share/wall_follower/hook/ament_prefix_path.ps1'
[0.972s] INFO:colcon.colcon_core.shell:Creating environment descriptor '/work/ros2_ws/install/wall_follower/share/wall_follower/hook/ament_prefix_path.dsv'
[1.013s] INFO:colcon.colcon_core.shell:Creating environment hook '/work/ros2_ws/install/wall_follower/share/wall_follower/hook/ament_prefix_path.sh'
[1.040s] INFO:colcon.colcon_core.shell:Skip shell extension 'powershell' for command environment: Not usable outside of PowerShell
[1.040s] DEBUG:colcon.colcon_core.shell:Skip shell extension 'dsv' for command environment
[1.159s] DEBUG:colcon.colcon_core.event_handler.log_command:Invoking command in '/work/ros2_ws/build/simple_robot_description': CMAKE_PREFIX_PATH=/opt/ros/humble /usr/bin/cmake --build /work/ros2_ws/build/simple_robot_description -- -j20 -l20
[1.614s] INFO:colcon.colcon_core.task.python.build:Building Python package in '/work/ros2_ws/src/wall_follower'
[1.615s] INFO:colcon.colcon_core.shell:Skip shell extension 'powershell' for command environment: Not usable outside of PowerShell
[1.616s] DEBUG:colcon.colcon_core.shell:Skip shell extension 'dsv' for command environment
[1.641s] DEBUG:colcon.colcon_core.event_handler.log_command:Invoked command in '/work/ros2_ws/build/simple_robot_description' returned '0': CMAKE_PREFIX_PATH=/opt/ros/humble /usr/bin/cmake --build /work/ros2_ws/build/simple_robot_description -- -j20 -l20
[1.725s] DEBUG:colcon.colcon_core.event_handler.log_command:Invoking command in '/work/ros2_ws/build/simple_robot_description': CMAKE_PREFIX_PATH=/opt/ros/humble /usr/bin/cmake --install /work/ros2_ws/build/simple_robot_description
[3.360s] Level 1:colcon.colcon_core.environment:create_environment_scripts_only(simple_robot_description)
[3.363s] DEBUG:colcon.colcon_core.event_handler.log_command:Invoked command in '/work/ros2_ws/build/simple_robot_description' returned '0': CMAKE_PREFIX_PATH=/opt/ros/humble /usr/bin/cmake --install /work/ros2_ws/build/simple_robot_description
[3.366s] Level 1:colcon.colcon_core.environment:checking '/work/ros2_ws/install/simple_robot_description' for CMake module files
[3.577s] Level 1:colcon.colcon_core.environment:checking '/work/ros2_ws/install/simple_robot_description' for CMake config files
[3.734s] Level 1:colcon.colcon_core.shell:create_environment_hook('simple_robot_description', 'cmake_prefix_path')
[3.735s] INFO:colcon.colcon_core.shell:Creating environment hook '/work/ros2_ws/install/simple_robot_description/share/simple_robot_description/hook/cmake_prefix_path.ps1'
[3.766s] INFO:colcon.colcon_core.shell:Creating environment descriptor '/work/ros2_ws/install/simple_robot_description/share/simple_robot_description/hook/cmake_prefix_path.dsv'
[3.799s] INFO:colcon.colcon_core.shell:Creating environment hook '/work/ros2_ws/install/simple_robot_description/share/simple_robot_description/hook/cmake_prefix_path.sh'
[3.843s] Level 1:colcon.colcon_core.environment:checking '/work/ros2_ws/install/simple_robot_description/bin'
[3.847s] Level 1:colcon.colcon_core.environment:checking '/work/ros2_ws/install/simple_robot_description/lib/pkgconfig/simple_robot_description.pc'
[3.850s] Level 1:colcon.colcon_core.environment:checking '/work/ros2_ws/install/simple_robot_description/lib/python3.10/site-packages'
[3.853s] Level 1:colcon.colcon_core.environment:checking '/work/ros2_ws/install/simple_robot_description/bin'
[3.855s] INFO:colcon.colcon_core.shell:Creating package script '/work/ros2_ws/install/simple_robot_description/share/simple_robot_description/package.ps1'
[3.886s] INFO:colcon.colcon_core.shell:Creating package descriptor '/work/ros2_ws/install/simple_robot_description/share/simple_robot_description/package.dsv'
[3.923s] INFO:colcon.colcon_core.shell:Creating package script '/work/ros2_ws/install/simple_robot_description/share/simple_robot_description/package.sh'
[3.947s] INFO:colcon.colcon_core.shell:Creating package script '/work/ros2_ws/install/simple_robot_description/share/simple_robot_description/package.bash'
[3.974s] INFO:colcon.colcon_core.shell:Creating package script '/work/ros2_ws/install/simple_robot_description/share/simple_robot_description/package.zsh'
[4.012s] Level 1:colcon.colcon_core.environment:create_file_with_runtime_dependencies(/work/ros2_ws/install/simple_robot_description/share/colcon-core/packages/simple_robot_description)
[4.066s] Level 1:colcon.colcon_core.environment:create_environment_scripts_only(simple_robot_description)
[4.067s] Level 1:colcon.colcon_core.environment:checking '/work/ros2_ws/install/simple_robot_description' for CMake module files
[4.300s] Level 1:colcon.colcon_core.environment:checking '/work/ros2_ws/install/simple_robot_description' for CMake config files
[4.442s] Level 1:colcon.colcon_core.shell:create_environment_hook('simple_robot_description', 'cmake_prefix_path')
[4.444s] INFO:colcon.colcon_core.shell:Creating environment hook '/work/ros2_ws/install/simple_robot_description/share/simple_robot_description/hook/cmake_prefix_path.ps1'
[4.473s] INFO:colcon.colcon_core.shell:Creating environment descriptor '/work/ros2_ws/install/simple_robot_description/share/simple_robot_description/hook/cmake_prefix_path.dsv'
[4.514s] INFO:colcon.colcon_core.shell:Creating environment hook '/work/ros2_ws/install/simple_robot_description/share/simple_robot_description/hook/cmake_prefix_path.sh'
[4.549s] Level 1:colcon.colcon_core.environment:checking '/work/ros2_ws/install/simple_robot_description/bin'
[4.554s] Level 1:colcon.colcon_core.environment:checking '/work/ros2_ws/install/simple_robot_description/lib/pkgconfig/simple_robot_description.pc'
[4.556s] Level 1:colcon.colcon_core.environment:checking '/work/ros2_ws/install/simple_robot_description/lib/python3.10/site-packages'
[4.560s] Level 1:colcon.colcon_core.environment:checking '/work/ros2_ws/install/simple_robot_description/bin'
[4.571s] INFO:colcon.colcon_core.shell:Creating package script '/work/ros2_ws/install/simple_robot_description/share/simple_robot_description/package.ps1'
[4.600s] INFO:colcon.colcon_core.shell:Creating package descriptor '/work/ros2_ws/install/simple_robot_description/share/simple_robot_description/package.dsv'
[4.626s] INFO:colcon.colcon_core.shell:Creating package script '/work/ros2_ws/install/simple_robot_description/share/simple_robot_description/package.sh'
[4.667s] INFO:colcon.colcon_core.shell:Creating package script '/work/ros2_ws/install/simple_robot_description/share/simple_robot_description/package.bash'
[4.698s] INFO:colcon.colcon_core.shell:Creating package script '/work/ros2_ws/install/simple_robot_description/share/simple_robot_description/package.zsh'
[4.731s] Level 1:colcon.colcon_core.environment:create_file_with_runtime_dependencies(/work/ros2_ws/install/simple_robot_description/share/colcon-core/packages/simple_robot_description)
[4.806s] DEBUG:colcon.colcon_core.event_handler.log_command:Invoking command in '/work/ros2_ws/src/wall_follower': PYTHONPATH=/work/ros2_ws/build/wall_follower/prefix_override:/usr/lib/python3/dist-packages/colcon_core/task/python/colcon_distutils_commands:/work/ros2_ws/install/wall_follower/lib/python3.10/site-packages:${PYTHONPATH} /usr/bin/python3 -W ignore:setup.py install is deprecated -W ignore:easy_install command is deprecated setup.py egg_info --egg-base ../../build/wall_follower build --build-base /work/ros2_ws/build/wall_follower/build install --record /work/ros2_ws/build/wall_follower/install.log --single-version-externally-managed install_data
[8.143s] Level 1:colcon.colcon_core.environment:checking '/work/ros2_ws/install/wall_follower' for CMake module files
[8.145s] DEBUG:colcon.colcon_core.event_handler.log_command:Invoked command in '/work/ros2_ws/src/wall_follower' returned '0': PYTHONPATH=/work/ros2_ws/build/wall_follower/prefix_override:/usr/lib/python3/dist-packages/colcon_core/task/python/colcon_distutils_commands:/work/ros2_ws/install/wall_follower/lib/python3.10/site-packages:${PYTHONPATH} /usr/bin/python3 -W ignore:setup.py install is deprecated -W ignore:easy_install command is deprecated setup.py egg_info --egg-base ../../build/wall_follower build --build-base /work/ros2_ws/build/wall_follower/build install --record /work/ros2_ws/build/wall_follower/install.log --single-version-externally-managed install_data
[8.234s] Level 1:colcon.colcon_core.environment:checking '/work/ros2_ws/install/wall_follower' for CMake config files
[8.412s] Level 1:colcon.colcon_core.environment:checking '/work/ros2_ws/install/wall_follower/lib'
[8.420s] Level 1:colcon.colcon_core.environment:checking '/work/ros2_ws/install/wall_follower/bin'
[8.422s] Level 1:colcon.colcon_core.environment:checking '/work/ros2_ws/install/wall_follower/lib/pkgconfig/wall_follower.pc'
[8.426s] Level 1:colcon.colcon_core.environment:checking '/work/ros2_ws/install/wall_follower/lib/python3.10/site-packages'
[8.430s] Level 1:colcon.colcon_core.shell:create_environment_hook('wall_follower', 'pythonpath')
[8.431s] INFO:colcon.colcon_core.shell:Creating environment hook '/work/ros2_ws/install/wall_follower/share/wall_follower/hook/pythonpath.ps1'
[8.460s] INFO:colcon.colcon_core.shell:Creating environment descriptor '/work/ros2_ws/install/wall_follower/share/wall_follower/hook/pythonpath.dsv'
[8.492s] INFO:colcon.colcon_core.shell:Creating environment hook '/work/ros2_ws/install/wall_follower/share/wall_follower/hook/pythonpath.sh'
[8.521s] Level 1:colcon.colcon_core.environment:checking '/work/ros2_ws/install/wall_follower/bin'
[8.524s] Level 1:colcon.colcon_core.environment:create_environment_scripts_only(wall_follower)
[8.524s] INFO:colcon.colcon_core.shell:Creating package script '/work/ros2_ws/install/wall_follower/share/wall_follower/package.ps1'
[8.564s] INFO:colcon.colcon_core.shell:Creating package descriptor '/work/ros2_ws/install/wall_follower/share/wall_follower/package.dsv'
[8.590s] INFO:colcon.colcon_core.shell:Creating package script '/work/ros2_ws/install/wall_follower/share/wall_follower/package.sh'
[8.613s] INFO:colcon.colcon_core.shell:Creating package script '/work/ros2_ws/install/wall_follower/share/wall_follower/package.bash'
[8.639s] INFO:colcon.colcon_core.shell:Creating package script '/work/ros2_ws/install/wall_follower/share/wall_follower/package.zsh'
[8.665s] Level 1:colcon.colcon_core.environment:create_file_with_runtime_dependencies(/work/ros2_ws/install/wall_follower/share/colcon-core/packages/wall_follower)
[8.707s] DEBUG:colcon.colcon_parallel_executor.executor.parallel:closing loop
[8.708s] DEBUG:colcon.colcon_parallel_executor.executor.parallel:loop closed
[8.709s] DEBUG:colcon.colcon_parallel_executor.executor.parallel:run_until_complete finished with '0'
[8.709s] DEBUG:colcon.colcon_core.event_reactor:joining thread
[8.749s] INFO:colcon.colcon_core.plugin_system:Skipping extension 'colcon_notification.desktop_notification.notify_send': Could not find 'notify-send'
[8.750s] INFO:colcon.colcon_core.plugin_system:Skipping extension 'colcon_notification.desktop_notification.terminal_notifier': Not used on non-Darwin systems
[8.750s] INFO:colcon.colcon_core.plugin_system:Skipping extension 'colcon_notification.desktop_notification.win32': Not used on non-Windows systems
[8.750s] INFO:colcon.colcon_notification.desktop_notification:Sending desktop notification using 'notify2'
[8.754s] DEBUG:colcon.colcon_notification.desktop_notification.notify2:Failed to initialize notify2: org.freedesktop.DBus.Error.Spawn.ExecFailed: /usr/bin/dbus-launch terminated abnormally without any error message
[8.755s] DEBUG:colcon.colcon_core.event_reactor:joined thread
[8.756s] INFO:colcon.colcon_core.shell:Creating prefix script '/work/ros2_ws/install/local_setup.ps1'
[8.771s] INFO:colcon.colcon_core.shell:Creating prefix util module '/work/ros2_ws/install/_local_setup_util_ps1.py'
[8.781s] INFO:colcon.colcon_core.shell:Creating prefix chain script '/work/ros2_ws/install/setup.ps1'
[8.816s] INFO:colcon.colcon_core.shell:Creating prefix script '/work/ros2_ws/install/local_setup.sh'
[8.835s] INFO:colcon.colcon_core.shell:Creating prefix util module '/work/ros2_ws/install/_local_setup_util_sh.py'
[8.848s] INFO:colcon.colcon_core.shell:Creating prefix chain script '/work/ros2_ws/install/setup.sh'
[8.860s] INFO:colcon.colcon_core.shell:Creating prefix script '/work/ros2_ws/install/local_setup.bash'
[8.879s] INFO:colcon.colcon_core.shell:Creating prefix chain script '/work/ros2_ws/install/setup.bash'
[8.890s] INFO:colcon.colcon_core.shell:Creating prefix script '/work/ros2_ws/install/local_setup.zsh'
[8.900s] INFO:colcon.colcon_core.shell:Creating prefix chain script '/work/ros2_ws/install/setup.zsh'
