running egg_info
writing ../../build/wall_follower/wall_follower.egg-info/PKG-INFO
writing dependency_links to ../../build/wall_follower/wall_follower.egg-info/dependency_links.txt
writing entry points to ../../build/wall_follower/wall_follower.egg-info/entry_points.txt
writing requirements to ../../build/wall_follower/wall_follower.egg-info/requires.txt
writing top-level names to ../../build/wall_follower/wall_follower.egg-info/top_level.txt
reading manifest file '../../build/wall_follower/wall_follower.egg-info/SOURCES.txt'
writing manifest file '../../build/wall_follower/wall_follower.egg-info/SOURCES.txt'
running build
running build_py
copying wall_follower/wall_follower_node.py -> /work/ros2_ws/build/wall_follower/build/lib/wall_follower
running install
running install_lib
copying /work/ros2_ws/build/wall_follower/build/lib/wall_follower/wall_follower_node.py -> /work/ros2_ws/install/wall_follower/lib/python3.10/site-packages/wall_follower
byte-compiling /work/ros2_ws/install/wall_follower/lib/python3.10/site-packages/wall_follower/wall_follower_node.py to wall_follower_node.cpython-310.pyc
running install_data
running install_egg_info
removing '/work/ros2_ws/install/wall_follower/lib/python3.10/site-packages/wall_follower-0.0.0-py3.10.egg-info' (and everything under it)
Copying ../../build/wall_follower/wall_follower.egg-info to /work/ros2_ws/install/wall_follower/lib/python3.10/site-packages/wall_follower-0.0.0-py3.10.egg-info
running install_scripts
Installing wall_follower_node script to /work/ros2_ws/install/wall_follower/lib/wall_follower
writing list of installed files to '/work/ros2_ws/build/wall_follower/install.log'
